Archive member included to satisfy reference by file (symbol)

/SJOneBoard/Tools/Toolchain/gcc-arm-none-eabi-6-2017-q2-update/bin/../lib/gcc/arm-none-eabi/6.3.1/../../../../arm-none-eabi/lib/thumb/v7-m/libstdc++_nano.a(class_type_info.o)
                              ./L5_Application/source/remote.o (vtable for __cxxabiv1::__class_type_info)
/SJOneBoard/Tools/Toolchain/gcc-arm-none-eabi-6-2017-q2-update/bin/../lib/gcc/arm-none-eabi/6.3.1/../../../../arm-none-eabi/lib/thumb/v7-m/libstdc++_nano.a(del_ops.o)
                              /SJOneBoard/Tools/Toolchain/gcc-arm-none-eabi-6-2017-q2-update/bin/../lib/gcc/arm-none-eabi/6.3.1/../../../../arm-none-eabi/lib/thumb/v7-m/libstdc++_nano.a(class_type_info.o) (operator delete(void*, unsigned int))
/SJOneBoard/Tools/Toolchain/gcc-arm-none-eabi-6-2017-q2-update/bin/../lib/gcc/arm-none-eabi/6.3.1/../../../../arm-none-eabi/lib/thumb/v7-m/libstdc++_nano.a(guard.o)
                              ./L5_Application/source/cmd_handlers/handlers.o (__cxa_guard_acquire)
/SJOneBoard/Tools/Toolchain/gcc-arm-none-eabi-6-2017-q2-update/bin/../lib/gcc/arm-none-eabi/6.3.1/../../../../arm-none-eabi/lib/thumb/v7-m/libstdc++_nano.a(pure.o)
                              ./L3_Utils/src/scheduler_task.o (__cxa_pure_virtual)
/SJOneBoard/Tools/Toolchain/gcc-arm-none-eabi-6-2017-q2-update/bin/../lib/gcc/arm-none-eabi/6.3.1/../../../../arm-none-eabi/lib/thumb/v7-m/libstdc++_nano.a(si_class_type_info.o)
                              ./L5_Application/source/remote.o (vtable for __cxxabiv1::__si_class_type_info)
/SJOneBoard/Tools/Toolchain/gcc-arm-none-eabi-6-2017-q2-update/bin/../lib/gcc/arm-none-eabi/6.3.1/../../../../arm-none-eabi/lib/thumb/v7-m/libstdc++_nano.a(tinfo.o)
                              /SJOneBoard/Tools/Toolchain/gcc-arm-none-eabi-6-2017-q2-update/bin/../lib/gcc/arm-none-eabi/6.3.1/../../../../arm-none-eabi/lib/thumb/v7-m/libstdc++_nano.a(class_type_info.o) (std::type_info::~type_info())
/SJOneBoard/Tools/Toolchain/gcc-arm-none-eabi-6-2017-q2-update/bin/../lib/gcc/arm-none-eabi/6.3.1/../../../../arm-none-eabi/lib/thumb/v7-m/libstdc++_nano.a(vmi_class_type_info.o)
                              ./L2_Drivers/src/nrf_stream.o (vtable for __cxxabiv1::__vmi_class_type_info)
/SJOneBoard/Tools/Toolchain/gcc-arm-none-eabi-6-2017-q2-update/bin/../lib/gcc/arm-none-eabi/6.3.1/../../../../arm-none-eabi/lib/thumb/v7-m/libstdc++_nano.a(eh_terminate.o)
                              /SJOneBoard/Tools/Toolchain/gcc-arm-none-eabi-6-2017-q2-update/bin/../lib/gcc/arm-none-eabi/6.3.1/../../../../arm-none-eabi/lib/thumb/v7-m/libstdc++_nano.a(pure.o) (std::terminate())
/SJOneBoard/Tools/Toolchain/gcc-arm-none-eabi-6-2017-q2-update/bin/../lib/gcc/arm-none-eabi/6.3.1/../../../../arm-none-eabi/lib/thumb/v7-m/libstdc++_nano.a(eh_unex_handler.o)
                              /SJOneBoard/Tools/Toolchain/gcc-arm-none-eabi-6-2017-q2-update/bin/../lib/gcc/arm-none-eabi/6.3.1/../../../../arm-none-eabi/lib/thumb/v7-m/libstdc++_nano.a(eh_terminate.o) (__cxxabiv1::__unexpected_handler)
/SJOneBoard/Tools/Toolchain/gcc-arm-none-eabi-6-2017-q2-update/bin/../lib/gcc/arm-none-eabi/6.3.1/../../../../arm-none-eabi/lib/thumb/v7-m/libstdc++_nano.a(eh_term_handler.o)
                              /SJOneBoard/Tools/Toolchain/gcc-arm-none-eabi-6-2017-q2-update/bin/../lib/gcc/arm-none-eabi/6.3.1/../../../../arm-none-eabi/lib/thumb/v7-m/libstdc++_nano.a(eh_terminate.o) (__cxxabiv1::__terminate_handler)
/SJOneBoard/Tools/Toolchain/gcc-arm-none-eabi-6-2017-q2-update/bin/../lib/gcc/arm-none-eabi/6.3.1/thumb/v7-m/libgcc.a(_ashldi3.o)
                              ./L0_LowLevel/source/lpc_peripherals.o (__aeabi_llsl)
/SJOneBoard/Tools/Toolchain/gcc-arm-none-eabi-6-2017-q2-update/bin/../lib/gcc/arm-none-eabi/6.3.1/thumb/v7-m/libgcc.a(_arm_addsubdf3.o)
                              ./L2_Drivers/base/uart_dev.o (__aeabi_dadd)
/SJOneBoard/Tools/Toolchain/gcc-arm-none-eabi-6-2017-q2-update/bin/../lib/gcc/arm-none-eabi/6.3.1/thumb/v7-m/libgcc.a(_arm_fixunsdfsi.o)
                              ./L2_Drivers/base/uart_dev.o (__aeabi_d2uiz)
/SJOneBoard/Tools/Toolchain/gcc-arm-none-eabi-6-2017-q2-update/bin/../lib/gcc/arm-none-eabi/6.3.1/thumb/v7-m/libgcc.a(_arm_truncdfsf2.o)
                              ./L3_Utils/src/str.o (__aeabi_d2f)
/SJOneBoard/Tools/Toolchain/gcc-arm-none-eabi-6-2017-q2-update/bin/../lib/gcc/arm-none-eabi/6.3.1/thumb/v7-m/libgcc.a(_arm_addsubsf3.o)
                              ./L5_Application/source/cmd_handlers/handlers.o (__aeabi_fsub)
/SJOneBoard/Tools/Toolchain/gcc-arm-none-eabi-6-2017-q2-update/bin/../lib/gcc/arm-none-eabi/6.3.1/thumb/v7-m/libgcc.a(_arm_muldivsf3.o)
                              ./L5_Application/source/cmd_handlers/handlers.o (__aeabi_fmul)
/SJOneBoard/Tools/Toolchain/gcc-arm-none-eabi-6-2017-q2-update/bin/../lib/gcc/arm-none-eabi/6.3.1/thumb/v7-m/libgcc.a(_arm_cmpsf2.o)
                              ./L3_Utils/src/str.o (__aeabi_fcmplt)
[...]
Memory Configuration

Name             Origin             Length             Attributes
FLASH            0x0000000000010000 0x0000000000070000 xr
SRAM             0x0000000010000000 0x0000000000008000 xrw
SRAM_AHB         0x000000002007c000 0x0000000000008000 xrw
*default*        0x0000000000000000 0xffffffffffffffff

Linker script and memory map

LOAD ./newlib/malloc_lock.o
LOAD ./newlib/memory.o
LOAD ./newlib/newlib_syscalls.o
LOAD ./newlib/newlib_time.o
LOAD ./L5_Application/source/cmd_handlers/handlers.o
LOAD ./L5_Application/source/cmd_handlers/prog_handlers.o
LOAD ./L5_Application/source/cmd_handlers/wireless_handlers.o
LOAD ./L5_Application/source/high_level_init.o
LOAD ./L5_Application/source/remote.o
LOAD ./L5_Application/source/terminal.o
LOAD ./L5_Application/periodic_scheduler/period_callbacks.o
LOAD ./L5_Application/periodic_scheduler/prd_dispatcher.o
LOAD ./L5_Application/examples/examples.o
LOAD ./L5_Application/examples/rn_xv_task.o
LOAD ./L5_Application/main.o
LOAD ./L4_IO/wireless/src/mesh.o
LOAD ./L4_IO/wireless/src/nrf24L01Plus.o
LOAD ./L4_IO/wireless/src/wireless.o
LOAD ./L4_IO/src/gpio.o
LOAD ./L4_IO/src/io_source.o
LOAD ./L4_IO/src/storage.o
LOAD ./L4_IO/fat/option/ccsbcs.o
LOAD ./L4_IO/fat/option/reentrant.o
LOAD ./L4_IO/fat/disk/diskio.o
LOAD ./L4_IO/fat/disk/sd.o
LOAD ./L4_IO/fat/disk/spi_flash.o
LOAD ./L4_IO/fat/fatfs_time.o
LOAD ./L4_IO/fat/ff.o
LOAD ./L3_Utils/tlm/src/c_tlm_binary.o
LOAD ./L3_Utils/tlm/src/c_tlm_comp.o
LOAD ./L3_Utils/tlm/src/c_tlm_stream.o
LOAD ./L3_Utils/tlm/src/c_tlm_var.o
LOAD ./L3_Utils/src/c_list.o
LOAD ./L3_Utils/src/command_handler.o
LOAD ./L3_Utils/src/file_logger.o
LOAD ./L3_Utils/src/freertos_timer.o
LOAD ./L3_Utils/src/printf_lib.o
LOAD ./L3_Utils/src/rtc_alarm.o
LOAD ./L3_Utils/src/scheduler_task.o
LOAD ./L3_Utils/src/str.o
LOAD ./L3_Utils/src/utilities.o
LOAD ./L2_Drivers/src/adc.o
LOAD ./L2_Drivers/src/can.o
LOAD ./L2_Drivers/src/eint.o
LOAD ./L2_Drivers/src/i2c2.o
LOAD ./L2_Drivers/src/lpc_pwm.o
LOAD ./L2_Drivers/src/lpc_rit.o
LOAD ./L2_Drivers/src/lpc_timers.o
LOAD ./L2_Drivers/src/nrf_stream.o
LOAD ./L2_Drivers/src/rtc.o
LOAD ./L2_Drivers/src/spi_dma.o
LOAD ./L2_Drivers/src/spi_sem.o
LOAD ./L2_Drivers/src/uart0.o
LOAD ./L2_Drivers/src/uart2.o
LOAD ./L2_Drivers/src/uart3.o
LOAD ./L2_Drivers/base/char_dev.o
LOAD ./L2_Drivers/base/i2c_base.o
LOAD ./L2_Drivers/base/uart_dev.o
LOAD ./L1_FreeRTOS/src/croutine.o
LOAD ./L1_FreeRTOS/src/event_groups.o
LOAD ./L1_FreeRTOS/src/list.o
LOAD ./L1_FreeRTOS/src/queue.o
LOAD ./L1_FreeRTOS/src/tasks.o
LOAD ./L1_FreeRTOS/src/timers.o
LOAD ./L1_FreeRTOS/portable/no_mpu/port.o
LOAD ./L1_FreeRTOS/portable/run_time_stats.o
LOAD ./L1_FreeRTOS/hooks/hooks.o
LOAD ./L0_LowLevel/source/core_cm3.o
LOAD ./L0_LowLevel/source/low_level_init.o
LOAD ./L0_LowLevel/source/lpc_peripherals.o
LOAD ./L0_LowLevel/source/lpc_sys.o
LOAD ./L0_LowLevel/source/startup.o
LOAD ./L0_LowLevel/source/sys_clock.o
LOAD ./L0_LowLevel/source/uart0_min.o
LOAD /SJOneBoard/Tools/Toolchain/gcc-arm-none-eabi-6-2017-q2-update/bin/../lib/gcc/arm-none-eabi/6.3.1/../../../../arm-none-eabi/lib/thumb/v7-m/libstdc++_nano.a
LOAD /SJOneBoard/Tools/Toolchain/gcc-arm-none-eabi-6-2017-q2-update/bin/../lib/gcc/arm-none-eabi/6.3.1/../../../../arm-none-eabi/lib/thumb/v7-m/libm.a
START GROUP
LOAD /SJOneBoard/Tools/Toolchain/gcc-arm-none-eabi-6-2017-q2-update/bin/../lib/gcc/arm-none-eabi/6.3.1/thumb/v7-m/libgcc.a
LOAD /SJOneBoard/Tools/Toolchain/gcc-arm-none-eabi-6-2017-q2-update/bin/../lib/gcc/arm-none-eabi/6.3.1/../../../../arm-none-eabi/lib/thumb/v7-m/libc_nano.a
END GROUP
START GROUP
LOAD /SJOneBoard/Tools/Toolchain/gcc-arm-none-eabi-6-2017-q2-update/bin/../lib/gcc/arm-none-eabi/6.3.1/thumb/v7-m/libgcc.a
LOAD /SJOneBoard/Tools/Toolchain/gcc-arm-none-eabi-6-2017-q2-update/bin/../lib/gcc/arm-none-eabi/6.3.1/../../../../arm-none-eabi/lib/thumb/v7-m/libc_nano.a
END GROUP

.text           0x0000000000010000    0x15bf0
 FILL mask 0xff
 *(.isr_vector)
 .isr_vector    0x0000000000010000       0xcc ./L0_LowLevel/source/startup.o
                0x0000000000010000                g_pfnVectors
                0x00000000000100cc                . = ALIGN (0x4)
                0x00000000000100cc                __section_table_start = .
                0x00000000000100cc                __data_section_table = .
                0x00000000000100cc        0x4 LONG 0x25bf8 LOADADDR (.data)
                0x00000000000100d0        0x4 LONG 0x2007c000 ADDR (.data)
                0x00000000000100d4        0x4 LONG 0x2fc SIZEOF (.data)
                0x00000000000100d8                __data_section_table_end = .
                0x00000000000100d8                __bss_section_table = .
                0x00000000000100d8        0x4 LONG 0x2007c300 ADDR (.bss)
                0x00000000000100dc        0x4 LONG 0x480 SIZEOF (.bss)
                0x00000000000100e0                __bss_section_table_end = .
                0x00000000000100e0                __section_table_end = .
 *(.after_vectors*)
 .after_vectors
                0x00000000000100e0      0x120 ./L0_LowLevel/source/startup.o
                0x00000000000100e0                isr_hard_fault
                0x00000000000100fa                isr_nmi
                0x0000000000010108                isr_mem_fault
                0x0000000000010118                isr_bus_fault
                0x0000000000010128                isr_usage_fault
                0x0000000000010138                isr_debug_mon
                0x0000000000010148                TIMER3_IRQHandler
                0x0000000000010148                PLL0_IRQHandler
                0x0000000000010148                PLL1_IRQHandler
                0x0000000000010148                SSP0_IRQHandler
                0x0000000000010148                CANAct_IRQHandler
                0x0000000000010148                I2S_IRQHandler
                0x0000000000010148                TIMER0_IRQHandler
                0x0000000000010148                SPI_IRQHandler
                0x0000000000010148                EINT1_IRQHandler
                0x0000000000010148                isr_default_handler
                0x0000000000010148                SSP1_IRQHandler
                0x0000000000010148                USB_IRQHandler
                0x0000000000010148                BOD_IRQHandler
                0x0000000000010148                TIMER2_IRQHandler
                0x0000000000010148                I2C0_IRQHandler
                0x0000000000010148                PWM1_IRQHandler
                0x0000000000010148                I2C1_IRQHandler
                0x0000000000010148                EINT2_IRQHandler
                0x0000000000010148                UART1_IRQHandler
                0x0000000000010148                DMA_IRQHandler
                0x0000000000010148                MCPWM_IRQHandler
                0x0000000000010148                ENET_IRQHandler
                0x0000000000010148                USBAct_IRQHandler
                0x0000000000010148                WDT_IRQHandler
                0x0000000000010148                QEI_IRQHandler
                0x0000000000010148                EINT0_IRQHandler
                0x0000000000010158                isr_sys_tick
                0x000000000001016a                data_init(unsigned int, unsigned int, unsigned int)
                0x0000000000010180                bss_init(unsigned int, unsigned int)
                0x0000000000010194                isr_reset
 *(.text*)
 .text.__malloc_lock
                0x0000000000010200        0x4 ./newlib/malloc_lock.o
                0x0000000000010200                __malloc_lock
 .text.__malloc_unlock
                0x0000000000010204        0x4 ./newlib/malloc_lock.o
                0x0000000000010204                __malloc_unlock
 .text._sbrk    0x0000000000010208       0x6c ./newlib/memory.o
                0x0000000000010208                _sbrk
 .text._Znwj    0x0000000000010274        0x4 ./newlib/memory.o
                0x0000000000010274                operator new(unsigned int)
 .text._ZdlPv   0x0000000000010278        0x4 ./newlib/memory.o
                0x0000000000010278                operator delete(void*)
 .text._ZdaPv   0x000000000001027c        0x4 ./newlib/memory.o
                0x000000000001027c                operator delete[](void*)
 .text.sys_get_mem_info
                0x0000000000010280       0xb4 ./newlib/memory.o
                0x0000000000010280                sys_get_mem_info
 .text.sys_set_outchar_func
                0x0000000000010334        0xc ./newlib/newlib_syscalls.o
                0x0000000000010334                sys_set_outchar_func
 .text.sys_set_inchar_func
                0x0000000000010340        0xc ./newlib/newlib_syscalls.o
                0x0000000000010340                sys_set_inchar_func
 .text._kill    0x000000000001034c       0x10 ./newlib/newlib_syscalls.o
                0x000000000001034c                _kill
 .text._exit    0x000000000001035c       0x10 ./newlib/newlib_syscalls.o
                0x000000000001035c                _exit
 .text._getpid  0x000000000001036c        0x4 ./newlib/newlib_syscalls.o
                0x000000000001036c                _getpid
 .text._init    0x0000000000010370        0x4 ./newlib/newlib_syscalls.o
                0x0000000000010370                _init
 .text._write   0x0000000000010374       0x28 ./newlib/newlib_syscalls.o
                0x0000000000010374                _write
 .text._read    0x000000000001039c       0x2c ./newlib/newlib_syscalls.o
                0x000000000001039c                _read
 .text.syscalls_init
                0x00000000000103c8        0x2 ./newlib/newlib_syscalls.o
                0x00000000000103c8                syscalls_init
 .text._fstat   0x00000000000103ca        0x4 ./newlib/newlib_syscalls.o
                0x00000000000103ca                _fstat
 *fill*         0x00000000000103ce        0x2 ff
 .text._isatty  0x00000000000103d0       0x24 ./newlib/newlib_syscalls.o
                0x00000000000103d0                _isatty
 .text._lseek   0x00000000000103f4        0x4 ./newlib/newlib_syscalls.o
                0x00000000000103f4                _lseek
 .text._close   0x00000000000103f8        0x4 ./newlib/newlib_syscalls.o
                0x00000000000103f8                _close
 .text._gettimeofday
                0x00000000000103fc       0x7a ./newlib/newlib_time.o
                0x00000000000103fc                _gettimeofday
 *fill*         0x0000000000010476        0x2 ff
 .text._ZN7Storage13getFlashDriveEv
                0x0000000000010478       0x4c ./L5_Application/source/cmd_handlers/handlers.o
                0x0000000000010478                Storage::getFlashDrive()
 .text._ZN7Storage10getSDDriveEv
                0x00000000000104c4       0x4c ./L5_Application/source/cmd_handlers/handlers.o
                0x00000000000104c4                Storage::getSDDrive()
 .text._Z15taskListHandlerR3strR7CharDevPv
                0x0000000000010510       0xe8 ./L5_Application/source/cmd_handlers/handlers.o
                0x0000000000010510                taskListHandler(str&, CharDev&, void*)
 .text._Z14memInfoHandlerR3strR7CharDevPv
                0x00000000000105f8       0x22 ./L5_Application/source/cmd_handlers/handlers.o
                0x00000000000105f8                memInfoHandler(str&, CharDev&, void*)
 *fill*         0x000000000001061a        0x2 ff
 .text._Z11timeHandlerR3strR7CharDevPv
                0x000000000001061c       0xc4 ./L5_Application/source/cmd_handlers/handlers.o
                0x000000000001061c                timeHandler(str&, CharDev&, void*)
 .text._Z10logHandlerR3strR7CharDevPv
                0x00000000000106e0      0x198 ./L5_Application/source/cmd_handlers/handlers.o
                0x00000000000106e0                logHandler(str&, CharDev&, void*)
 .text._Z9cpHandlerR3strR7CharDevPv
                0x0000000000010878       0x80 ./L5_Application/source/cmd_handlers/handlers.o
                0x0000000000010878                cpHandler(str&, CharDev&, void*)
 .text._Z10catHandlerR3strR7CharDevPv
                0x00000000000108f8      0x100 ./L5_Application/source/cmd_handlers/handlers.o
                0x00000000000108f8                catHandler(str&, CharDev&, void*)
 .text._Z9lsHandlerR3strR7CharDevPv
                0x00000000000109f8      0x184 ./L5_Application/source/cmd_handlers/handlers.o
                0x00000000000109f8                lsHandler(str&, CharDev&, void*)
 .text._Z12mkdirHandlerR3strR7CharDevPv
                0x0000000000010b7c       0x3c ./L5_Application/source/cmd_handlers/handlers.o
                0x0000000000010b7c                mkdirHandler(str&, CharDev&, void*)
 .text._Z9rmHandlerR3strR7CharDevPv
                0x0000000000010bb8       0x3c ./L5_Application/source/cmd_handlers/handlers.o
                0x0000000000010bb8                rmHandler(str&, CharDev&, void*)
 .text._Z9mvHandlerR3strR7CharDevPv
                0x0000000000010bf4       0x5c ./L5_Application/source/cmd_handlers/handlers.o
                0x0000000000010bf4                mvHandler(str&, CharDev&, void*)
 .text._Z14newFileHandlerR3strR7CharDevPv
                0x0000000000010c50       0xb8 ./L5_Application/source/cmd_handlers/handlers.o
                0x0000000000010c50                newFileHandler(str&, CharDev&, void*)
 .text._Z10dcpHandlerR3strR7CharDevPv
                0x0000000000010d08      0x13c ./L5_Application/source/cmd_handlers/handlers.o
                0x0000000000010d08                dcpHandler(str&, CharDev&, void*)
 .text._Z14storageHandlerR3strR7CharDevPv
                0x0000000000010e44       0xbc ./L5_Application/source/cmd_handlers/handlers.o
                0x0000000000010e44                storageHandler(str&, CharDev&, void*)
 .text._Z13rebootHandlerR3strR7CharDevPv
                0x0000000000010f00       0x30 ./L5_Application/source/cmd_handlers/handlers.o
                0x0000000000010f00                rebootHandler(str&, CharDev&, void*)
 .text._Z14learnIrHandlerR3strR7CharDevPv
                0x0000000000010f30       0x38 ./L5_Application/source/cmd_handlers/handlers.o
                0x0000000000010f30                learnIrHandler(str&, CharDev&, void*)
 .text._ZN17SingletonTemplateI4I2C2E11getInstanceEv
                0x0000000000010f68       0x20 ./L5_Application/source/cmd_handlers/handlers.o
                0x0000000000010f68                SingletonTemplate<I2C2>::getInstance()
 .text._Z13healthHandlerR3strR7CharDevPv
                0x0000000000010f88      0x1a8 ./L5_Application/source/cmd_handlers/handlers.o
                0x0000000000010f88                healthHandler(str&, CharDev&, void*)
 .text._Z12i2cIoHandlerR3strR7CharDevPv
                0x0000000000011130      0x1a0 ./L5_Application/source/cmd_handlers/handlers.o
                0x0000000000011130                i2cIoHandler(str&, CharDev&, void*)
 .text._Z16flashProgHandlerR3strR7CharDevPv
                0x00000000000112d0       0xa8 ./L5_Application/source/cmd_handlers/prog_handlers.o
                0x00000000000112d0                flashProgHandler(str&, CharDev&, void*)
 .text._Z14getFileHandlerR3strR7CharDevPv
                0x0000000000011378      0x138 ./L5_Application/source/cmd_handlers/prog_handlers.o
                0x0000000000011378                getFileHandler(str&, CharDev&, void*)
 .text._ZL25wirelessHandlerPrintStatsR7CharDevP12mesh_stats_th
                0x00000000000114b0       0x3c ./L5_Application/source/cmd_handlers/wireless_handlers.o
 .text._ZL14wsStatsHandlerR3strR7CharDevPv
                0x00000000000114ec       0x1e ./L5_Application/source/cmd_handlers/wireless_handlers.o
 *fill*         0x000000000001150a        0x2 ff
 .text._ZL11wsTxHandlerR3strR7CharDevPv
                0x000000000001150c      0x114 ./L5_Application/source/cmd_handlers/wireless_handlers.o
 .text._ZL13wsAddrHandlerR3strR7CharDevPv
                0x0000000000011620       0x34 ./L5_Application/source/cmd_handlers/wireless_handlers.o
 .text._Z12wsRteHandlerR3strR7CharDevPv
                0x0000000000011654       0x74 ./L5_Application/source/cmd_handlers/wireless_handlers.o
                0x0000000000011654                wsRteHandler(str&, CharDev&, void*)
 .text._ZL11wsRxHandlerR3strR7CharDevPv
                0x00000000000116c8       0x84 ./L5_Application/source/cmd_handlers/wireless_handlers.o
 .text._Z15wirelessHandlerR3strR7CharDevPv
                0x000000000001174c      0x160 ./L5_Application/source/cmd_handlers/wireless_handlers.o
                0x000000000001174c                wirelessHandler(str&, CharDev&, void*)
 .text._ZN17SingletonTemplateI12NordicStreamE11getInstanceEv
                0x00000000000118ac       0x20 ./L5_Application/source/cmd_handlers/wireless_handlers.o
                0x00000000000118ac                SingletonTemplate<NordicStream>::getInstance()
 .text._ZL15wsFileTxHandlerR3strR7CharDevPv
                0x00000000000118cc      0x22c ./L5_Application/source/cmd_handlers/wireless_handlers.o
 .text._ZL15wsStreamHandlerR3strR7CharDevPv
                0x0000000000011af8      0x120 ./L5_Application/source/cmd_handlers/wireless_handlers.o
 .text._ZL13hl_print_linev
                0x0000000000011c18        0xc ./L5_Application/source/high_level_init.o
 .text.ssp_set_max_clock
                0x0000000000011c24       0x2c ./L5_Application/source/high_level_init.o
 .text._ZL16hl_mount_storageR16FileSystemObjectPKc
                0x0000000000011c50       0x90 ./L5_Application/source/high_level_init.o
 .text._ZN17SingletonTemplateI11LED_DisplayE11getInstanceEv
                0x0000000000011ce0       0x24 ./L5_Application/source/high_level_init.o
                0x0000000000011ce0                SingletonTemplate<LED_Display>::getInstance()
 .text._ZN17SingletonTemplateI3LEDE11getInstanceEv
                0x0000000000011d04       0x1c ./L5_Application/source/high_level_init.o
                0x0000000000011d04                SingletonTemplate<LED>::getInstance()
 .text._ZN17SingletonTemplateI17TemperatureSensorE11getInstanceEv
                0x0000000000011d20       0x28 ./L5_Application/source/high_level_init.o
                0x0000000000011d20                SingletonTemplate<TemperatureSensor>::getInstance()
 .text._ZN17SingletonTemplateI12Light_SensorE11getInstanceEv
                0x0000000000011d48       0x18 ./L5_Application/source/high_level_init.o
                0x0000000000011d48                SingletonTemplate<Light_Sensor>::getInstance()
 .text._ZN17SingletonTemplateI8SwitchesE11getInstanceEv
                0x0000000000011d60       0x18 ./L5_Application/source/high_level_init.o
                0x0000000000011d60                SingletonTemplate<Switches>::getInstance()
 .text._Z15high_level_initv
                0x0000000000011d78      0x54c ./L5_Application/source/high_level_init.o
                0x0000000000011d78                high_level_init()
 .text._ZN17SingletonTemplateI9IR_SensorE11getInstanceEv
                0x00000000000122c4       0x18 ./L5_Application/source/remote.o
                0x00000000000122c4                SingletonTemplate<IR_Sensor>::getInstance()
 .text._ZN14scheduler_task4initEv
                0x00000000000122dc        0x4 ./L5_Application/source/terminal.o
                0x00000000000122dc                scheduler_task::init()
 .text._ZN12terminalTask6regTlmEv
                0x00000000000122e0        0x4 ./L5_Application/source/terminal.o
                0x00000000000122e0                terminalTask::regTlm()
 .text._ZN12terminalTaskD2Ev
                0x00000000000122e4       0x48 ./L5_Application/source/terminal.o
                0x00000000000122e4                terminalTask::~terminalTask()
                0x00000000000122e4                terminalTask::~terminalTask()
 .text._ZN12terminalTaskD0Ev
                0x000000000001232c       0x12 ./L5_Application/source/terminal.o
                0x000000000001232c                terminalTask::~terminalTask()
 .text._ZN6VECTORIN12terminalTask9cmdChan_tEE14changeCapacityEj.part.4
                0x000000000001233e       0x40 ./L5_Application/source/terminal.o
 *fill*         0x000000000001237e        0x2 ff
 .text._ZN12terminalTaskC2Eh
                0x0000000000012380       0xb0 ./L5_Application/source/terminal.o
                0x0000000000012380                terminalTask::terminalTask(unsigned char)
                0x0000000000012380                terminalTask::terminalTask(unsigned char)
 .text._ZN12terminalTask22handleEchoAndBackspaceEPNS_9cmdChan_tEc
                0x0000000000012430       0x70 ./L5_Application/source/terminal.o
                0x0000000000012430                terminalTask::handleEchoAndBackspace(terminalTask::cmdChan_t*, char)
 .text._ZN12terminalTask17addCommandChannelEP7CharDevb
                0x00000000000124a0       0x40 ./L5_Application/source/terminal.o
                0x00000000000124a0                terminalTask::addCommandChannel(CharDev*, bool)
 .text._ZN12terminalTask10getCommandEv
                0x00000000000124e0      0x124 ./L5_Application/source/terminal.o
                0x00000000000124e0                terminalTask::getCommand()
 .text._ZN12terminalTask3runEPv
                0x0000000000012604       0xa8 ./L5_Application/source/terminal.o
                0x0000000000012604                terminalTask::run(void*)
 .text._ZN17SingletonTemplateI5Uart0E11getInstanceEv
                0x00000000000126ac       0x20 ./L5_Application/source/terminal.o
                0x00000000000126ac                SingletonTemplate<Uart0>::getInstance()
 .text._ZN5Uart017putcharIntrDrivenEc
                0x00000000000126cc       0x18 ./L5_Application/source/terminal.o
                0x00000000000126cc                Uart0::putcharIntrDriven(char)
 .text._ZN5Uart017getcharIntrDrivenEc
                0x00000000000126e4       0x22 ./L5_Application/source/terminal.o
                0x00000000000126e4                Uart0::getcharIntrDriven(char)
 *fill*         0x0000000000012706        0x2 ff
 .text._ZN12terminalTask9taskEntryEv
                0x0000000000012708      0x27c ./L5_Application/source/terminal.o
                0x0000000000012708                terminalTask::taskEntry()
 .text._ZN14scheduler_task9taskEntryEv
                0x0000000000012984        0x4 ./L5_Application/periodic_scheduler/prd_dispatcher.o
                0x0000000000012984                scheduler_task::taskEntry()
 .text._ZN14scheduler_task6regTlmEv
                0x0000000000012988        0x4 ./L5_Application/examples/examples.o
                0x0000000000012988                scheduler_task::regTlm()
 .text._ZN12wirelessTaskD2Ev
                0x000000000001298c        0x2 ./L5_Application/main.o
                0x000000000001298c                wirelessTask::~wirelessTask()
                0x000000000001298c                wirelessTask::~wirelessTask()
 .text._ZN12wirelessTask3runEPv
                0x000000000001298e        0xa ./L5_Application/main.o
                0x000000000001298e                wirelessTask::run(void*)
 .text._ZN12wirelessTaskD0Ev
                0x0000000000012998        0xc ./L5_Application/main.o
                0x0000000000012998                wirelessTask::~wirelessTask()
 .text.startup.main
                0x00000000000129a4       0x50 ./L5_Application/main.o
                0x00000000000129a4                main
 .text.mesh_incr_soft_timers_for_arr
                0x00000000000129f4       0x26 ./L4_IO/wireless/src/mesh.o
 *fill*         0x0000000000012a1a        0x2 ff
 .text.mesh_update_soft_timers
                0x0000000000012a1c       0x4c ./L4_IO/wireless/src/mesh.o
 .text.mesh_send_packet
                0x0000000000012a68       0x3c ./L4_IO/wireless/src/mesh.o
 .text.mesh_send_retry_packet
                0x0000000000012aa4       0x34 ./L4_IO/wireless/src/mesh.o
 .text.mesh_find_rte_tbl_entry
                0x0000000000012ad8       0x24 ./L4_IO/wireless/src/mesh.o
 .text.mesh_update_rte_scores
                0x0000000000012afc       0x28 ./L4_IO/wireless/src/mesh.o
 .text.mesh_get_pnd_pkt_slot
                0x0000000000012b24       0x40 ./L4_IO/wireless/src/mesh.o
 .text.mesh_pending_packets_add
                0x0000000000012b64       0x90 ./L4_IO/wireless/src/mesh.o
 .text.mesh_get_rte_to_modify
                0x0000000000012bf4       0x58 ./L4_IO/wireless/src/mesh.o
 .text.mesh_handle_pnd_pkts_for_arr
                0x0000000000012c4c      0x178 ./L4_IO/wireless/src/mesh.o
 .text.mesh_set_node_address
                0x0000000000012dc4       0x18 ./L4_IO/wireless/src/mesh.o
                0x0000000000012dc4                mesh_set_node_address
 .text.mesh_get_node_address
                0x0000000000012ddc        0xc ./L4_IO/wireless/src/mesh.o
                0x0000000000012ddc                mesh_get_node_address
 .text.mesh_set_retry_count
                0x0000000000012de8       0x10 ./L4_IO/wireless/src/mesh.o
                0x0000000000012de8                mesh_set_retry_count
 .text.mesh_form_pkt
                0x0000000000012df8       0xf8 ./L4_IO/wireless/src/mesh.o
                0x0000000000012df8                mesh_form_pkt
 .text.mesh_send_formed_pkt
                0x0000000000012ef0       0x58 ./L4_IO/wireless/src/mesh.o
                0x0000000000012ef0                mesh_send_formed_pkt
 .text.mesh_init
                0x0000000000012f48      0x100 ./L4_IO/wireless/src/mesh.o
                0x0000000000012f48                mesh_init
 .text.mesh_send
                0x0000000000013048       0x3e ./L4_IO/wireless/src/mesh.o
                0x0000000000013048                mesh_send
 .text.mesh_send_ack
                0x0000000000013086       0x1a ./L4_IO/wireless/src/mesh.o
 .text.mesh_get_routing_entry
                0x00000000000130a0       0x2c ./L4_IO/wireless/src/mesh.o
                0x00000000000130a0                mesh_get_routing_entry
 .text.mesh_get_num_routing_entries
                0x00000000000130cc       0x1c ./L4_IO/wireless/src/mesh.o
                0x00000000000130cc                mesh_get_num_routing_entries
 .text.mesh_service
                0x00000000000130e8      0x2d0 ./L4_IO/wireless/src/mesh.o
                0x00000000000130e8                mesh_service
 .text.mesh_get_pnd_pkt_count
                0x00000000000133b8       0x34 ./L4_IO/wireless/src/mesh.o
                0x00000000000133b8                mesh_get_pnd_pkt_count
 .text.mesh_get_max_timeout_before_packet_fails
                0x00000000000133ec       0x24 ./L4_IO/wireless/src/mesh.o
                0x00000000000133ec                mesh_get_max_timeout_before_packet_fails
 .text.mesh_get_stats
                0x0000000000013410       0x14 ./L4_IO/wireless/src/mesh.o
                0x0000000000013410                mesh_get_stats
 .text.nordic_transfer
                0x0000000000013424       0xe8 ./L4_IO/wireless/src/nrf24L01Plus.o
 .text.nordic_readRegister
                0x000000000001350c       0x20 ./L4_IO/wireless/src/nrf24L01Plus.o
 .text.nordic_writeRegister
                0x000000000001352c       0x1e ./L4_IO/wireless/src/nrf24L01Plus.o
 .text.nordic_is_tx_fifo_empty
                0x000000000001354a        0xe ./L4_IO/wireless/src/nrf24L01Plus.o
                0x000000000001354a                nordic_is_tx_fifo_empty
 .text.nordic_clear_all_intr_flags
                0x0000000000013558        0x8 ./L4_IO/wireless/src/nrf24L01Plus.o
                0x0000000000013558                nordic_clear_all_intr_flags
 .text.nordic_queue_tx_fifo
                0x0000000000013560        0xc ./L4_IO/wireless/src/nrf24L01Plus.o
                0x0000000000013560                nordic_queue_tx_fifo
 .text.nordic_standby1_to_tx_mode1
                0x000000000001356c       0x16 ./L4_IO/wireless/src/nrf24L01Plus.o
                0x000000000001356c                nordic_standby1_to_tx_mode1
 *fill*         0x0000000000013582        0x2 ff
 .text.nordic_rx_to_Stanby1
                0x0000000000013584       0x10 ./L4_IO/wireless/src/nrf24L01Plus.o
                0x0000000000013584                nordic_rx_to_Stanby1
 .text.nordic_standby1_to_rx
                0x0000000000013594       0x24 ./L4_IO/wireless/src/nrf24L01Plus.o
                0x0000000000013594                nordic_standby1_to_rx
 .text.nordic_clear_packet_sent_flag
                0x00000000000135b8        0x8 ./L4_IO/wireless/src/nrf24L01Plus.o
                0x00000000000135b8                nordic_clear_packet_sent_flag
 .text.nordic_flush_tx_fifo
                0x00000000000135c0        0xc ./L4_IO/wireless/src/nrf24L01Plus.o
                0x00000000000135c0                nordic_flush_tx_fifo
 .text.nordic_mode1_send_single_packet
                0x00000000000135cc       0x4c ./L4_IO/wireless/src/nrf24L01Plus.o
                0x00000000000135cc                nordic_mode1_send_single_packet
 .text.nordic_is_packet_available
                0x0000000000013618       0x10 ./L4_IO/wireless/src/nrf24L01Plus.o
                0x0000000000013618                nordic_is_packet_available
 .text.nordic_clear_packet_available_flag
                0x0000000000013628        0x8 ./L4_IO/wireless/src/nrf24L01Plus.o
                0x0000000000013628                nordic_clear_packet_available_flag
 .text.nordic_read_rx_fifo
                0x0000000000013630       0x14 ./L4_IO/wireless/src/nrf24L01Plus.o
                0x0000000000013630                nordic_read_rx_fifo
 .text.nordic_flush_rx_fifo
                0x0000000000013644        0xc ./L4_IO/wireless/src/nrf24L01Plus.o
                0x0000000000013644                nordic_flush_rx_fifo
 .text.nordic_set_intr_signals
                0x0000000000013650       0x3e ./L4_IO/wireless/src/nrf24L01Plus.o
                0x0000000000013650                nordic_set_intr_signals
 .text.nordic_set_crc
                0x000000000001368e       0x38 ./L4_IO/wireless/src/nrf24L01Plus.o
                0x000000000001368e                nordic_set_crc
 .text.nordic_power_up
                0x00000000000136c6       0x18 ./L4_IO/wireless/src/nrf24L01Plus.o
                0x00000000000136c6                nordic_power_up
 .text.nordic_power_down
                0x00000000000136de       0x16 ./L4_IO/wireless/src/nrf24L01Plus.o
                0x00000000000136de                nordic_power_down
 .text.nordic_set_channel
                0x00000000000136f4       0x24 ./L4_IO/wireless/src/nrf24L01Plus.o
                0x00000000000136f4                nordic_set_channel
 .text.nordic_set_air_data_rate
                0x0000000000013718       0x2c ./L4_IO/wireless/src/nrf24L01Plus.o
                0x0000000000013718                nordic_set_air_data_rate
 .text.nordic_set_power_level
                0x0000000000013744       0x24 ./L4_IO/wireless/src/nrf24L01Plus.o
                0x0000000000013744                nordic_set_power_level
 .text.nordic_set_auto_transmit_options
                0x0000000000013768       0x2c ./L4_IO/wireless/src/nrf24L01Plus.o
                0x0000000000013768                nordic_set_auto_transmit_options
 .text.nordic_set_payload_for_pipe
                0x0000000000013794       0x14 ./L4_IO/wireless/src/nrf24L01Plus.o
                0x0000000000013794                nordic_set_payload_for_pipe
 .text.nordic_set_addr_width
                0x00000000000137a8       0x16 ./L4_IO/wireless/src/nrf24L01Plus.o
                0x00000000000137a8                nordic_set_addr_width
 .text.nordic_set_tx_address
                0x00000000000137be        0xc ./L4_IO/wireless/src/nrf24L01Plus.o
                0x00000000000137be                nordic_set_tx_address
 .text.nordic_set_rx_pipe0_addr
                0x00000000000137ca        0xc ./L4_IO/wireless/src/nrf24L01Plus.o
                0x00000000000137ca                nordic_set_rx_pipe0_addr
 *fill*         0x00000000000137d6        0x2 ff
 .text.nordic_init
                0x00000000000137d8       0xc8 ./L4_IO/wireless/src/nrf24L01Plus.o
                0x00000000000137d8                nordic_init
 .text.nrf_irq_callback
                0x00000000000138a0       0x30 ./L4_IO/wireless/src/wireless.o
 .text.nrf_driver_init
                0x00000000000138d0       0x70 ./L4_IO/wireless/src/wireless.o
 .text.nrf_driver_app_recv
                0x0000000000013940       0x50 ./L4_IO/wireless/src/wireless.o
 .text.nrf_driver_send
                0x0000000000013990       0x5c ./L4_IO/wireless/src/wireless.o
 .text.nrf_driver_receive
                0x00000000000139ec       0x22 ./L4_IO/wireless/src/wireless.o
 .text.wireless_get_queued_pkt
                0x0000000000013a0e       0x66 ./L4_IO/wireless/src/wireless.o
 .text.nrf_driver_get_timer
                0x0000000000013a74       0x28 ./L4_IO/wireless/src/wireless.o
 .text.wireless_init
                0x0000000000013a9c       0x4c ./L4_IO/wireless/src/wireless.o
                0x0000000000013a9c                wireless_init
 .text.wireless_get_rx_pkt
                0x0000000000013ae8       0x10 ./L4_IO/wireless/src/wireless.o
                0x0000000000013ae8                wireless_get_rx_pkt
 .text.wireless_get_ack_pkt
                0x0000000000013af8       0x10 ./L4_IO/wireless/src/wireless.o
                0x0000000000013af8                wireless_get_ack_pkt
 .text.wireless_service
                0x0000000000013b08       0x4c ./L4_IO/wireless/src/wireless.o
                0x0000000000013b08                wireless_service
 .text._ZN11i2c2_device8writeRegEhh
                0x0000000000013b54        0xc ./L4_IO/src/io_source.o
                0x0000000000013b54                i2c2_device::writeReg(unsigned char, unsigned char)
 .text._ZN11i2c2_device16get16BitRegisterEh
                0x0000000000013b60       0x2a ./L4_IO/src/io_source.o
                0x0000000000013b60                i2c2_device::get16BitRegister(unsigned char)
 .text._ZN19Acceleration_Sensor4initEv
                0x0000000000013b8a       0x20 ./L4_IO/src/io_source.o
                0x0000000000013b8a                Acceleration_Sensor::init()
 *fill*         0x0000000000013baa        0x2 ff
 .text._ZN9IR_Sensor11storeIrCodeEm
                0x0000000000013bac       0x1c ./L4_IO/src/io_source.o
                0x0000000000013bac                IR_Sensor::storeIrCode(unsigned long)
 .text._ZN9IR_Sensor12decodeIrCodeEv
                0x0000000000013bc8       0x64 ./L4_IO/src/io_source.o
                0x0000000000013bc8                IR_Sensor::decodeIrCode()
 .text._ZN9IR_Sensor4initEv
                0x0000000000013c2c       0x34 ./L4_IO/src/io_source.o
                0x0000000000013c2c                IR_Sensor::init()
 .text._ZN11LED_Display12setLeftDigitEc
                0x0000000000013c60       0x18 ./L4_IO/src/io_source.o
                0x0000000000013c60                LED_Display::setLeftDigit(char)
 .text._ZN11LED_Display13setRightDigitEc
                0x0000000000013c78       0x18 ./L4_IO/src/io_source.o
                0x0000000000013c78                LED_Display::setRightDigit(char)
 .text._ZN11LED_Display4initEv
                0x0000000000013c90       0x38 ./L4_IO/src/io_source.o
                0x0000000000013c90                LED_Display::init()
 .text._ZN11LED_Display9setNumberEc
                0x0000000000013cc8       0x3a ./L4_IO/src/io_source.o
                0x0000000000013cc8                LED_Display::setNumber(char)
 .text._ZN3LED4initEv
                0x0000000000013d02        0x4 ./L4_IO/src/io_source.o
                0x0000000000013d02                LED::init()
 *fill*         0x0000000000013d06        0x2 ff
 .text._ZN3LED6setAllEh
                0x0000000000013d08       0x50 ./L4_IO/src/io_source.o
                0x0000000000013d08                LED::setAll(unsigned char)
 .text._ZN12Light_Sensor4initEv
                0x0000000000013d58        0x4 ./L4_IO/src/io_source.o
                0x0000000000013d58                Light_Sensor::init()
 .text._ZN12Light_Sensor11getRawValueEv
                0x0000000000013d5c        0x6 ./L4_IO/src/io_source.o
                0x0000000000013d5c                Light_Sensor::getRawValue()
 .text._ZN8Switches4initEv
                0x0000000000013d62        0x4 ./L4_IO/src/io_source.o
                0x0000000000013d62                Switches::init()
 *fill*         0x0000000000013d66        0x2 ff
 .text._ZN8Switches15getSwitchValuesEv
                0x0000000000013d68       0x18 ./L4_IO/src/io_source.o
                0x0000000000013d68                Switches::getSwitchValues()
 .text._ZN8I2C_Temp4initEv
                0x0000000000013d80       0x22 ./L4_IO/src/io_source.o
                0x0000000000013d80                I2C_Temp::init()
 .text._ZN8I2C_Temp10getCelsiusEv
                0x0000000000013da2       0x30 ./L4_IO/src/io_source.o
                0x0000000000013da2                I2C_Temp::getCelsius()
 *fill*         0x0000000000013dd2        0x2 ff
 .text._ZN8I2C_Temp12getFarenheitEv
                0x0000000000013dd4       0x24 ./L4_IO/src/io_source.o
                0x0000000000013dd4                I2C_Temp::getFarenheit()
 .text._ZN7Storage4copyEPKcS1_PjS2_S2_
                0x0000000000013df8       0xf0 ./L4_IO/src/storage.o
                0x0000000000013df8                Storage::copy(char const*, char const*, unsigned int*, unsigned int*, unsigned int*)
 .text._ZN7Storage4readEPKcPvjj
                0x0000000000013ee8       0x44 ./L4_IO/src/storage.o
                0x0000000000013ee8                Storage::read(char const*, void*, unsigned int, unsigned int)
 .text._ZN7Storage5writeEPKcPvjj
                0x0000000000013f2c       0x44 ./L4_IO/src/storage.o
                0x0000000000013f2c                Storage::write(char const*, void*, unsigned int, unsigned int)
 .text._ZN7Storage6appendEPKcPKvjj
                0x0000000000013f70       0x48 ./L4_IO/src/storage.o
                0x0000000000013f70                Storage::append(char const*, void const*, unsigned int, unsigned int)
 .text.ff_convert
                0x0000000000013fb8       0x3c ./L4_IO/fat/option/ccsbcs.o
                0x0000000000013fb8                ff_convert
 .text.ff_wtoupper
                0x0000000000013ff4       0x24 ./L4_IO/fat/option/ccsbcs.o
                0x0000000000013ff4                ff_wtoupper
 .text.ff_cre_syncobj
                0x0000000000014018       0x14 ./L4_IO/fat/option/reentrant.o
                0x0000000000014018                ff_cre_syncobj
 .text.ff_del_syncobj
                0x000000000001402c        0x4 ./L4_IO/fat/option/reentrant.o
                0x000000000001402c                ff_del_syncobj
 .text.ff_req_grant
                0x0000000000014030       0x26 ./L4_IO/fat/option/reentrant.o
                0x0000000000014030                ff_req_grant
 .text.ff_rel_grant
                0x0000000000014056       0x1e ./L4_IO/fat/option/reentrant.o
                0x0000000000014056                ff_rel_grant
 .text.disk_initialize
                0x0000000000014074       0x26 ./L4_IO/fat/disk/diskio.o
                0x0000000000014074                disk_initialize
 .text.disk_status
                0x000000000001409a       0x10 ./L4_IO/fat/disk/diskio.o
                0x000000000001409a                disk_status
 .text.disk_read
                0x00000000000140aa       0x38 ./L4_IO/fat/disk/diskio.o
                0x00000000000140aa                disk_read
 .text.disk_write
                0x00000000000140e2       0x38 ./L4_IO/fat/disk/diskio.o
                0x00000000000140e2                disk_write
 .text.disk_ioctl
                0x000000000001411a       0x32 ./L4_IO/fat/disk/diskio.o
                0x000000000001411a                disk_ioctl
 .text.sys_get_uptime_ms
                0x000000000001414c       0x12 ./L4_IO/fat/disk/sd.o
 *fill*         0x000000000001415e        0x2 ff
 .text.ssp1_set_max_clock
                0x0000000000014160       0x30 ./L4_IO/fat/disk/sd.o
 .text.ssp1_exchange_byte
                0x0000000000014190       0x14 ./L4_IO/fat/disk/sd.o
 .text.wait_ready
                0x00000000000141a4       0x2e ./L4_IO/fat/disk/sd.o
                0x00000000000141a4                wait_ready
 *fill*         0x00000000000141d2        0x2 ff
 .text.power_off
                0x00000000000141d4       0x24 ./L4_IO/fat/disk/sd.o
                0x00000000000141d4                power_off
 .text.rcvr_datablock
                0x00000000000141f8       0x8c ./L4_IO/fat/disk/sd.o
                0x00000000000141f8                rcvr_datablock
 .text.xmit_datablock
                0x0000000000014284       0x4c ./L4_IO/fat/disk/sd.o
                0x0000000000014284                xmit_datablock
 .text.send_cmd
                0x00000000000142d0       0x8c ./L4_IO/fat/disk/sd.o
                0x00000000000142d0                send_cmd
 .text.sd_update_card_status
                0x000000000001435c       0x24 ./L4_IO/fat/disk/sd.o
                0x000000000001435c                sd_update_card_status
 .text.sd_initialize
                0x0000000000014380      0x16c ./L4_IO/fat/disk/sd.o
                0x0000000000014380                sd_initialize
 .text.sd_status
                0x00000000000144ec       0x10 ./L4_IO/fat/disk/sd.o
                0x00000000000144ec                sd_status
 .text.sd_read  0x00000000000144fc       0x98 ./L4_IO/fat/disk/sd.o
                0x00000000000144fc                sd_read
 .text.sd_write
                0x0000000000014594       0xb4 ./L4_IO/fat/disk/sd.o
                0x0000000000014594                sd_write
 .text.sd_ioctl
                0x0000000000014648      0x21c ./L4_IO/fat/disk/sd.o
                0x0000000000014648                sd_ioctl
 .text._ZL24flash_get_mem_size_bytesv
                0x0000000000014864       0x20 ./L4_IO/fat/disk/spi_flash.o
 .text._ZL37flash_perform_page_io_of_fatfs_sectorPFvPhmmES_m
                0x0000000000014884       0x74 ./L4_IO/fat/disk/spi_flash.o
 .text.ssp1_exchange_data
                0x00000000000148f8       0xac ./L4_IO/fat/disk/spi_flash.o
 .text._ZL18flash_send_op_addr14flash_opcode_tm
                0x00000000000149a4       0x26 ./L4_IO/fat/disk/spi_flash.o
 *fill*         0x00000000000149ca        0x2 ff
 .text._ZL15flash_read_pagePhmm
                0x00000000000149cc       0x44 ./L4_IO/fat/disk/spi_flash.o
 .text._ZL20flash_wait_for_readyv
                0x0000000000014a10       0x40 ./L4_IO/fat/disk/spi_flash.o
 .text.flash_initialize
                0x0000000000014a50       0x98 ./L4_IO/fat/disk/spi_flash.o
                0x0000000000014a50                flash_initialize
 .text.flash_read_sectors
                0x0000000000014ae8       0x50 ./L4_IO/fat/disk/spi_flash.o
                0x0000000000014ae8                flash_read_sectors
 .text.flash_write_sectors
                0x0000000000014b38       0x4c ./L4_IO/fat/disk/spi_flash.o
                0x0000000000014b38                flash_write_sectors
 .text.flash_ioctl
                0x0000000000014b84       0x36 ./L4_IO/fat/disk/spi_flash.o
                0x0000000000014b84                flash_ioctl
 *fill*         0x0000000000014bba        0x2 ff
 .text.flash_write_permanent_id
                0x0000000000014bbc       0x44 ./L4_IO/fat/disk/spi_flash.o
                0x0000000000014bbc                flash_write_permanent_id
 .text.flash_read_permanent_id
                0x0000000000014c00       0x28 ./L4_IO/fat/disk/spi_flash.o
                0x0000000000014c00                flash_read_permanent_id
 .text.flash_get_page_count
                0x0000000000014c28       0x20 ./L4_IO/fat/disk/spi_flash.o
                0x0000000000014c28                flash_get_page_count
 .text.flash_get_page_size
                0x0000000000014c48        0xc ./L4_IO/fat/disk/spi_flash.o
                0x0000000000014c48                flash_get_page_size
 .text.flash_supports_metadata
                0x0000000000014c54       0x10 ./L4_IO/fat/disk/spi_flash.o
                0x0000000000014c54                flash_supports_metadata
 .text._ZL16flash_write_pagePhmm
                0x0000000000014c64       0x8c ./L4_IO/fat/disk/spi_flash.o
 .text.flash_get_page_write_count
                0x0000000000014cf0       0x54 ./L4_IO/fat/disk/spi_flash.o
                0x0000000000014cf0                flash_get_page_write_count
 .text.flash_chip_erase
                0x0000000000014d44       0x2c ./L4_IO/fat/disk/spi_flash.o
                0x0000000000014d44                flash_chip_erase
 .text.get_fattime
                0x0000000000014d70       0x52 ./L4_IO/fat/fatfs_time.o
                0x0000000000014d70                get_fattime
 .text.mem_cpy  0x0000000000014dc2       0x38 ./L4_IO/fat/ff.o
 .text.mem_set  0x0000000000014dfa        0xe ./L4_IO/fat/ff.o
 .text.sum_sfn  0x0000000000014e08       0x1e ./L4_IO/fat/ff.o
 .text.get_ldnumber
                0x0000000000014e26       0x3a ./L4_IO/fat/ff.o
 .text.get_fileinfo
                0x0000000000014e60       0xc4 ./L4_IO/fat/ff.o
 .text.sync_window.part.1
                0x0000000000014f24       0x46 ./L4_IO/fat/ff.o
 .text.sync_window
                0x0000000000014f6a        0xc ./L4_IO/fat/ff.o
 *fill*         0x0000000000014f76        0x2 ff
 .text.sync_fs  0x0000000000014f78       0x74 ./L4_IO/fat/ff.o
 .text.move_window
                0x0000000000014fec       0x34 ./L4_IO/fat/ff.o
 .text.check_fs
                0x0000000000015020       0x4c ./L4_IO/fat/ff.o
 .text.find_volume
                0x000000000001506c      0x21c ./L4_IO/fat/ff.o
 .text.validate
                0x0000000000015288       0x3a ./L4_IO/fat/ff.o
 .text.unlock_fs
                0x00000000000152c2       0x1a ./L4_IO/fat/ff.o
 .text.clust2sect
                0x00000000000152dc       0x16 ./L4_IO/fat/ff.o
                0x00000000000152dc                clust2sect
 .text.get_fat  0x00000000000152f2       0xa6 ./L4_IO/fat/ff.o
                0x00000000000152f2                get_fat
 .text.dir_sdi  0x0000000000015398       0x80 ./L4_IO/fat/ff.o
 .text.put_fat  0x0000000000015418       0xd2 ./L4_IO/fat/ff.o
                0x0000000000015418                put_fat
 .text.create_chain
                0x00000000000154ea       0xa0 ./L4_IO/fat/ff.o
 .text.dir_next
                0x000000000001558a       0xec ./L4_IO/fat/ff.o
 *fill*         0x0000000000015676        0x2 ff
 .text.dir_find.part.9
                0x0000000000015678      0x120 ./L4_IO/fat/ff.o
 .text.follow_path
                0x0000000000015798      0x270 ./L4_IO/fat/ff.o
 .text.dir_register
                0x0000000000015a08      0x238 ./L4_IO/fat/ff.o
 .text.dir_remove
                0x0000000000015c40       0x5a ./L4_IO/fat/ff.o
 *fill*         0x0000000000015c9a        0x2 ff
 .text.dir_read.constprop.11
                0x0000000000015c9c       0xe8 ./L4_IO/fat/ff.o
 .text.remove_chain
                0x0000000000015d84       0x58 ./L4_IO/fat/ff.o
 .text.f_mount  0x0000000000015ddc       0x7c ./L4_IO/fat/ff.o
                0x0000000000015ddc                f_mount
 .text.f_open   0x0000000000015e58      0x12e ./L4_IO/fat/ff.o
                0x0000000000015e58                f_open
 .text.f_read   0x0000000000015f86      0x170 ./L4_IO/fat/ff.o
                0x0000000000015f86                f_read
 .text.f_write  0x00000000000160f6      0x1ac ./L4_IO/fat/ff.o
                0x00000000000160f6                f_write
 .text.f_sync   0x00000000000162a2       0x8a ./L4_IO/fat/ff.o
                0x00000000000162a2                f_sync
 .text.f_close  0x000000000001632c       0x24 ./L4_IO/fat/ff.o
                0x000000000001632c                f_close
 .text.f_lseek  0x0000000000016350      0x14e ./L4_IO/fat/ff.o
                0x0000000000016350                f_lseek
 .text.f_opendir
                0x000000000001649e       0x86 ./L4_IO/fat/ff.o
                0x000000000001649e                f_opendir
 .text.f_readdir
                0x0000000000016524       0x5e ./L4_IO/fat/ff.o
                0x0000000000016524                f_readdir
 .text.f_getfree
                0x0000000000016582       0xc8 ./L4_IO/fat/ff.o
                0x0000000000016582                f_getfree
 .text.f_unlink
                0x000000000001664a       0xbe ./L4_IO/fat/ff.o
                0x000000000001664a                f_unlink
 .text.f_mkdir  0x0000000000016708      0x152 ./L4_IO/fat/ff.o
                0x0000000000016708                f_mkdir
 .text.f_rename
                0x000000000001685a      0x11e ./L4_IO/fat/ff.o
                0x000000000001685a                f_rename
 .text.f_mkfs   0x0000000000016978      0x4f4 ./L4_IO/fat/ff.o
                0x0000000000016978                f_mkfs
 .text.c_list_for_each_elm
                0x0000000000016e6c       0x2a ./L3_Utils/src/c_list.o
                0x0000000000016e6c                c_list_for_each_elm
 *fill*         0x0000000000016e96        0x2 ff
 .text._ZN16CommandProcessor10addHandlerEPFbR3strR7CharDevPvEPKcS8_S4_
                0x0000000000016e98       0x7c ./L3_Utils/src/command_handler.o
                0x0000000000016e98                CommandProcessor::addHandler(bool (*)(str&, CharDev&, void*), char const*, char const*, void*)
 .text._ZN16CommandProcessor24getRegisteredCommandListER7CharDev
                0x0000000000016f14       0xa0 ./L3_Utils/src/command_handler.o
                0x0000000000016f14                CommandProcessor::getRegisteredCommandList(CharDev&)
 .text._ZN16CommandProcessor11getHelpTextER3strR7CharDev
                0x0000000000016fb4       0x70 ./L3_Utils/src/command_handler.o
                0x0000000000016fb4                CommandProcessor::getHelpText(str&, CharDev&)
 .text._ZN16CommandProcessor15prepareCmdParamER3strPKc
                0x0000000000017024       0x3c ./L3_Utils/src/command_handler.o
                0x0000000000017024                CommandProcessor::prepareCmdParam(str&, char const*)
 .text._ZN16CommandProcessor13handleCommandER3strR7CharDev
                0x0000000000017060      0x164 ./L3_Utils/src/command_handler.o
                0x0000000000017060                CommandProcessor::handleCommand(str&, CharDev&)
 .text.logger_get_buffer_ptr
                0x00000000000171c4       0x48 ./L3_Utils/src/file_logger.o
 .text.logger_write_to_file
                0x000000000001720c       0xb4 ./L3_Utils/src/file_logger.o
 .text.logger_task
                0x00000000000172c0       0xd0 ./L3_Utils/src/file_logger.o
 .text.logger_write_log_message
                0x0000000000017390       0x48 ./L3_Utils/src/file_logger.o
 .text.logger_send_flush_request
                0x00000000000173d8       0x34 ./L3_Utils/src/file_logger.o
                0x00000000000173d8                logger_send_flush_request
 .text.logger_get_logged_call_count
                0x000000000001740c       0x14 ./L3_Utils/src/file_logger.o
                0x000000000001740c                logger_get_logged_call_count
 .text.logger_get_blocked_call_count
                0x0000000000017420        0xc ./L3_Utils/src/file_logger.o
                0x0000000000017420                logger_get_blocked_call_count
 .text.logger_get_highest_file_write_time_ms
                0x000000000001742c        0xc ./L3_Utils/src/file_logger.o
                0x000000000001742c                logger_get_highest_file_write_time_ms
 .text.logger_get_num_buffers_watermark
                0x0000000000017438        0xc ./L3_Utils/src/file_logger.o
                0x0000000000017438                logger_get_num_buffers_watermark
 .text.logger_init
                0x0000000000017444       0xd4 ./L3_Utils/src/file_logger.o
                0x0000000000017444                logger_init
 .text.logger_set_printf
                0x0000000000017518       0x1c ./L3_Utils/src/file_logger.o
                0x0000000000017518                logger_set_printf
 .text.logger_log
                0x0000000000017534      0x138 ./L3_Utils/src/file_logger.o
                0x0000000000017534                logger_log
 .text.logger_log_raw
                0x000000000001766c       0x40 ./L3_Utils/src/file_logger.o
                0x000000000001766c                logger_log_raw
 .text.u0_dbg_put
                0x00000000000176ac       0x1e ./L3_Utils/src/printf_lib.o
                0x00000000000176ac                u0_dbg_put
 .text.u0_dbg_printf
                0x00000000000176ca       0x3c ./L3_Utils/src/printf_lib.o
                0x00000000000176ca                u0_dbg_printf
 .text.for_each_recur_alarm_callback
                0x0000000000017706       0x26 ./L3_Utils/src/rtc_alarm.o
 .text.for_each_alarm_callback
                0x000000000001772c       0x5c ./L3_Utils/src/rtc_alarm.o
 .text.RTC_IRQHandler
                0x0000000000017788       0xa4 ./L3_Utils/src/rtc_alarm.o
                0x0000000000017788                RTC_IRQHandler
 .text.__sputc_r
                0x000000000001782c       0x2c ./L3_Utils/src/scheduler_task.o
 .text._ZL9dbg_printPKcS0_
                0x0000000000017858       0x34 ./L3_Utils/src/scheduler_task.o
 .text._ZL9printlinePKcS0_
                0x000000000001788c       0x38 ./L3_Utils/src/scheduler_task.o
 .text._Z24scheduler_c_task_privatePv
                0x00000000000178c4      0x124 ./L3_Utils/src/scheduler_task.o
                0x00000000000178c4                scheduler_c_task_private(void*)
 .text._Z18scheduler_init_allb
                0x00000000000179e8      0x104 ./L3_Utils/src/scheduler_task.o
                0x00000000000179e8                scheduler_init_all(bool)
 .text._Z18scheduler_add_taskP14scheduler_task
                0x0000000000017aec       0x1c ./L3_Utils/src/scheduler_task.o
                0x0000000000017aec                scheduler_add_task(scheduler_task*)
 .text._Z15scheduler_startbb
                0x0000000000017b08       0x44 ./L3_Utils/src/scheduler_task.o
                0x0000000000017b08                scheduler_start(bool, bool)
 .text._ZN14scheduler_taskC2EPKcmhPv
                0x0000000000017b4c       0x34 ./L3_Utils/src/scheduler_task.o
                0x0000000000017b4c                scheduler_task::scheduler_task(char const*, unsigned long, unsigned char, void*)
                0x0000000000017b4c                scheduler_task::scheduler_task(char const*, unsigned long, unsigned char, void*)
 .text._ZN14scheduler_task15getSharedObjectEh
                0x0000000000017b80       0x18 ./L3_Utils/src/scheduler_task.o
                0x0000000000017b80                scheduler_task::getSharedObject(unsigned char)
 .text._ZN3strC2EPci
                0x0000000000017b98       0x28 ./L3_Utils/src/str.o
                0x0000000000017b98                str::str(char*, int)
                0x0000000000017b98                str::str(char*, int)
 .text._ZN3strD2Ev
                0x0000000000017bc0       0x24 ./L3_Utils/src/str.o
                0x0000000000017bc0                str::~str()
                0x0000000000017bc0                str::~str()
 .text._ZNK3str6getLenEv
                0x0000000000017be4        0x6 ./L3_Utils/src/str.o
                0x0000000000017be4                str::getLen() const
 .text._ZNK3str11getCapacityEv
                0x0000000000017bea        0x4 ./L3_Utils/src/str.o
                0x0000000000017bea                str::getCapacity() const
 .text._ZN3str5clearEv
                0x0000000000017bee        0x8 ./L3_Utils/src/str.o
                0x0000000000017bee                str::clear()
 .text._ZN3str5scanfEPKcz
                0x0000000000017bf6       0x1c ./L3_Utils/src/str.o
                0x0000000000017bf6                str::scanf(char const*, ...)
 .text._ZN3str8tokenizeEPKciz
                0x0000000000017c12       0x4c ./L3_Utils/src/str.o
                0x0000000000017c12                str::tokenize(char const*, int, ...)
 .text._ZNK3str9compareToEPKc
                0x0000000000017c5e       0x14 ./L3_Utils/src/str.o
                0x0000000000017c5e                str::compareTo(char const*) const
 .text._ZNK3str19compareToIgnoreCaseEPKc
                0x0000000000017c72       0x10 ./L3_Utils/src/str.o
                0x0000000000017c72                str::compareToIgnoreCase(char const*) const
 .text._ZNK3str22firstIndexOfIgnoreCaseEPKc
                0x0000000000017c82       0x80 ./L3_Utils/src/str.o
                0x0000000000017c82                str::firstIndexOfIgnoreCase(char const*) const
 .text._ZNK3str18containsIgnoreCaseEPKc
                0x0000000000017d02        0xe ./L3_Utils/src/str.o
                0x0000000000017d02                str::containsIgnoreCase(char const*) const
 .text._ZNK3str12firstIndexOfEPKc
                0x0000000000017d10       0x16 ./L3_Utils/src/str.o
                0x0000000000017d10                str::firstIndexOf(char const*) const
 .text._ZNK3str10beginsWithEPKc
                0x0000000000017d26       0x2e ./L3_Utils/src/str.o
                0x0000000000017d26                str::beginsWith(char const*) const
 .text._ZNK3str20beginsWithIgnoreCaseEPKc
                0x0000000000017d54       0x2e ./L3_Utils/src/str.o
                0x0000000000017d54                str::beginsWithIgnoreCase(char const*) const
 .text._ZNK3str29beginsWithWholeWordIgnoreCaseEPKcc
                0x0000000000017d82       0x38 ./L3_Utils/src/str.o
                0x0000000000017d82                str::beginsWithWholeWordIgnoreCase(char const*, char) const
 .text._ZN3str10eraseFirstEi
                0x0000000000017dba       0x28 ./L3_Utils/src/str.o
                0x0000000000017dba                str::eraseFirst(int)
 .text._ZN3str9eraseLastEi
                0x0000000000017de2       0x1e ./L3_Utils/src/str.o
                0x0000000000017de2                str::eraseLast(int)
 .text._ZN3str10eraseAfterEii
                0x0000000000017e00       0x38 ./L3_Utils/src/str.o
                0x0000000000017e00                str::eraseAfter(int, int)
 .text._ZN3str5eraseEPKc
                0x0000000000017e38       0x28 ./L3_Utils/src/str.o
                0x0000000000017e38                str::erase(char const*)
 .text._ZN3str15eraseFirstWordsEic
                0x0000000000017e60       0x2a ./L3_Utils/src/str.o
                0x0000000000017e60                str::eraseFirstWords(int, char)
 .text._ZN3str9trimStartEPKc
                0x0000000000017e8a       0x40 ./L3_Utils/src/str.o
                0x0000000000017e8a                str::trimStart(char const*)
 .text._ZN3str7trimEndEPKc
                0x0000000000017eca       0x3a ./L3_Utils/src/str.o
                0x0000000000017eca                str::trimEnd(char const*)
 .text._ZNK3streqEPKc
                0x0000000000017f04        0x4 ./L3_Utils/src/str.o
                0x0000000000017f04                str::operator==(char const*) const
 .text._ZNK3strclEv
                0x0000000000017f08        0x4 ./L3_Utils/src/str.o
                0x0000000000017f08                str::operator()() const
 .text._ZNK3strcviEv
                0x0000000000017f0c        0x6 ./L3_Utils/src/str.o
                0x0000000000017f0c                str::operator int() const
 .text._ZN3strixEi
                0x0000000000017f12       0x14 ./L3_Utils/src/str.o
                0x0000000000017f12                str::operator[](int)
 .text._ZN3str13reAllocateMemEi
                0x0000000000017f26       0x4c ./L3_Utils/src/str.o
                0x0000000000017f26                str::reAllocateMem(int)
 .text._ZN3str4initEi
                0x0000000000017f72       0x10 ./L3_Utils/src/str.o
                0x0000000000017f72                str::init(int)
 .text._ZN3strC2Ei
                0x0000000000017f82        0xc ./L3_Utils/src/str.o
                0x0000000000017f82                str::str(int)
                0x0000000000017f82                str::str(int)
 .text._ZN3str7reserveEi
                0x0000000000017f8e        0xe ./L3_Utils/src/str.o
                0x0000000000017f8e                str::reserve(int)
 .text._ZN3str6printfEPKcz
                0x0000000000017f9c       0x42 ./L3_Utils/src/str.o
                0x0000000000017f9c                str::printf(char const*, ...)
 .text._ZN3str26ensureMemoryToInsertNCharsEi
                0x0000000000017fde       0x22 ./L3_Utils/src/str.o
                0x0000000000017fde                str::ensureMemoryToInsertNChars(int)
 .text._ZN3str11insertAtEndEPKc
                0x0000000000018000       0x24 ./L3_Utils/src/str.o
                0x0000000000018000                str::insertAtEnd(char const*)
 .text._ZN3strpLEc
                0x0000000000018024       0x1a ./L3_Utils/src/str.o
                0x0000000000018024                str::operator+=(char)
 .text._ZN3str8copyFromEPKc
                0x000000000001803e       0x3c ./L3_Utils/src/str.o
                0x000000000001803e                str::copyFrom(char const*)
 .text._ZN3straSEPKc
                0x000000000001807a        0x4 ./L3_Utils/src/str.o
                0x000000000001807a                str::operator=(char const*)
 .text.delay_us
                0x000000000001807e       0x1c ./L3_Utils/src/utilities.o
                0x000000000001807e                delay_us
 .text.is_freertos_running
                0x000000000001809a        0xe ./L3_Utils/src/utilities.o
                0x000000000001809a                is_freertos_running
 .text.delay_ms
                0x00000000000180a8       0x22 ./L3_Utils/src/utilities.o
                0x00000000000180a8                delay_ms
 *fill*         0x00000000000180ca        0x2 ff
 .text.adc0_start_conversion
                0x00000000000180cc       0x24 ./L2_Drivers/src/adc.o
 .text.ADC_IRQHandler
                0x00000000000180f0       0x40 ./L2_Drivers/src/adc.o
                0x00000000000180f0                ADC_IRQHandler
 .text.adc0_init
                0x0000000000018130       0x74 ./L2_Drivers/src/adc.o
                0x0000000000018130                adc0_init
 .text.adc0_get_reading
                0x00000000000181a4       0x74 ./L2_Drivers/src/adc.o
                0x00000000000181a4                adc0_get_reading
 .text.CAN_tx_now
                0x0000000000018218       0x32 ./L2_Drivers/src/can.o
 *fill*         0x000000000001824a        0x2 ff
 .text.CAN_handle_isr
                0x000000000001824c       0xa4 ./L2_Drivers/src/can.o
 .text.CAN_IRQHandler
                0x00000000000182f0       0x28 ./L2_Drivers/src/can.o
                0x00000000000182f0                CAN_IRQHandler
 .text.handle_eint_list
                0x0000000000018318       0x2c ./L2_Drivers/src/eint.o
 .text.eint3_enable.isra.0
                0x0000000000018344       0x38 ./L2_Drivers/src/eint.o
 .text.EINT3_IRQHandler
                0x000000000001837c       0x80 ./L2_Drivers/src/eint.o
                0x000000000001837c                EINT3_IRQHandler
 .text.eint3_enable_port0
                0x00000000000183fc       0x30 ./L2_Drivers/src/eint.o
                0x00000000000183fc                eint3_enable_port0
 .text._ZN4I2C24initEj
                0x000000000001842c       0x68 ./L2_Drivers/src/i2c2.o
                0x000000000001842c                I2C2::init(unsigned int)
 .text._ZN4I2C2C2Ev
                0x0000000000018494       0x14 ./L2_Drivers/src/i2c2.o
                0x0000000000018494                I2C2::I2C2()
                0x0000000000018494                I2C2::I2C2()
 .text.I2C2_IRQHandler
                0x00000000000184a8       0x24 ./L2_Drivers/src/i2c2.o
                0x00000000000184a8                I2C2_IRQHandler
 .text.RIT_IRQHandler
                0x00000000000184cc       0x1c ./L2_Drivers/src/lpc_rit.o
                0x00000000000184cc                RIT_IRQHandler
 .text.lpc_timer_get_struct
                0x00000000000184e8       0x20 ./L2_Drivers/src/lpc_timers.o
 .text.lpc_timer_enable
                0x0000000000018508       0x6c ./L2_Drivers/src/lpc_timers.o
                0x0000000000018508                lpc_timer_enable
 .text._ZN12NordicStream5flushEv
                0x0000000000018574       0x5c ./L2_Drivers/src/nrf_stream.o
                0x0000000000018574                NordicStream::flush()
 .text._ZN12NordicStreamD2Ev
                0x00000000000185d0       0x14 ./L2_Drivers/src/nrf_stream.o
                0x00000000000185d0                NordicStream::~NordicStream()
                0x00000000000185d0                NordicStream::~NordicStream()
 .text._ZN12NordicStreamD0Ev
                0x00000000000185e4       0x12 ./L2_Drivers/src/nrf_stream.o
                0x00000000000185e4                NordicStream::~NordicStream()
 .text._ZN12NordicStream7putCharEcj
                0x00000000000185f6       0x22 ./L2_Drivers/src/nrf_stream.o
                0x00000000000185f6                NordicStream::putChar(char, unsigned int)
 .text._ZN12NordicStream7getCharEPcj
                0x0000000000018618       0x44 ./L2_Drivers/src/nrf_stream.o
                0x0000000000018618                NordicStream::getChar(char*, unsigned int)
 .text._ZN12NordicStreamC2Ev
                0x000000000001865c       0x40 ./L2_Drivers/src/nrf_stream.o
                0x000000000001865c                NordicStream::NordicStream()
                0x000000000001865c                NordicStream::NordicStream()
 .text.rtc_gettime
                0x000000000001869c       0x48 ./L2_Drivers/src/rtc.o
                0x000000000001869c                rtc_gettime
 .text.rtc_settime
                0x00000000000186e4       0x68 ./L2_Drivers/src/rtc.o
                0x00000000000186e4                rtc_settime
 .text.rtc_init
                0x000000000001874c       0xd0 ./L2_Drivers/src/rtc.o
                0x000000000001874c                rtc_init
 .text.rtc_get_date_time_str
                0x000000000001881c       0x14 ./L2_Drivers/src/rtc.o
                0x000000000001881c                rtc_get_date_time_str
 .text.ssp1_dma_init
                0x0000000000018830       0x1c ./L2_Drivers/src/spi_dma.o
                0x0000000000018830                ssp1_dma_init
 .text.ssp1_dma_transfer_block
                0x000000000001884c       0xc0 ./L2_Drivers/src/spi_dma.o
                0x000000000001884c                ssp1_dma_transfer_block
 .text.spi1_lock
                0x000000000001890c       0x30 ./L2_Drivers/src/spi_sem.o
                0x000000000001890c                spi1_lock
 .text.spi1_unlock
                0x000000000001893c       0x24 ./L2_Drivers/src/spi_sem.o
                0x000000000001893c                spi1_unlock
 .text._ZN5Uart0D2Ev
                0x0000000000018960       0x14 ./L2_Drivers/src/uart0.o
                0x0000000000018960                Uart0::~Uart0()
                0x0000000000018960                Uart0::~Uart0()
 .text._ZN5Uart0D0Ev
                0x0000000000018974       0x12 ./L2_Drivers/src/uart0.o
                0x0000000000018974                Uart0::~Uart0()
 *fill*         0x0000000000018986        0x2 ff
 .text._ZN5Uart04initEjii
                0x0000000000018988       0x40 ./L2_Drivers/src/uart0.o
                0x0000000000018988                Uart0::init(unsigned int, int, int)
 .text._ZN5Uart0C2Ev
                0x00000000000189c8       0x1c ./L2_Drivers/src/uart0.o
                0x00000000000189c8                Uart0::Uart0()
                0x00000000000189c8                Uart0::Uart0()
 .text.UART0_IRQHandler
                0x00000000000189e4       0x24 ./L2_Drivers/src/uart0.o
                0x00000000000189e4                UART0_IRQHandler
 .text._ZN5Uart2D2Ev
                0x0000000000018a08       0x14 ./L2_Drivers/src/uart2.o
                0x0000000000018a08                Uart2::~Uart2()
                0x0000000000018a08                Uart2::~Uart2()
 .text._ZN5Uart2D0Ev
                0x0000000000018a1c       0x12 ./L2_Drivers/src/uart2.o
                0x0000000000018a1c                Uart2::~Uart2()
 *fill*         0x0000000000018a2e        0x2 ff
 .text._ZN5Uart2C2Ev
                0x0000000000018a30       0x1c ./L2_Drivers/src/uart2.o
                0x0000000000018a30                Uart2::Uart2()
                0x0000000000018a30                Uart2::Uart2()
 .text.UART2_IRQHandler
                0x0000000000018a4c       0x24 ./L2_Drivers/src/uart2.o
                0x0000000000018a4c                UART2_IRQHandler
 .text._ZN5Uart3D2Ev
                0x0000000000018a70       0x14 ./L2_Drivers/src/uart3.o
                0x0000000000018a70                Uart3::~Uart3()
                0x0000000000018a70                Uart3::~Uart3()
 .text._ZN5Uart3D0Ev
                0x0000000000018a84       0x12 ./L2_Drivers/src/uart3.o
                0x0000000000018a84                Uart3::~Uart3()
 *fill*         0x0000000000018a96        0x2 ff
 .text._ZN5Uart3C2Ev
                0x0000000000018a98       0x1c ./L2_Drivers/src/uart3.o
                0x0000000000018a98                Uart3::Uart3()
                0x0000000000018a98                Uart3::Uart3()
 .text.UART3_IRQHandler
                0x0000000000018ab4       0x24 ./L2_Drivers/src/uart3.o
                0x0000000000018ab4                UART3_IRQHandler
 .text._ZN7CharDev5flushEv
                0x0000000000018ad8        0x4 ./L2_Drivers/base/char_dev.o
                0x0000000000018ad8                CharDev::flush()
 .text._ZN7CharDev3putEPKcj
                0x0000000000018adc       0x28 ./L2_Drivers/base/char_dev.o
                0x0000000000018adc                CharDev::put(char const*, unsigned int)
 .text._ZN7CharDev7putlineEPKcj
                0x0000000000018b04       0x1c ./L2_Drivers/base/char_dev.o
                0x0000000000018b04                CharDev::putline(char const*, unsigned int)
 .text._ZN7CharDev4getsEPcij
                0x0000000000018b20       0x50 ./L2_Drivers/base/char_dev.o
                0x0000000000018b20                CharDev::gets(char*, int, unsigned int)
 .text._ZN7CharDev6printfEPKcz
                0x0000000000018b70       0x78 ./L2_Drivers/base/char_dev.o
                0x0000000000018b70                CharDev::printf(char const*, ...)
 .text._ZN7CharDevC2Ev
                0x0000000000018be8       0x20 ./L2_Drivers/base/char_dev.o
                0x0000000000018be8                CharDev::CharDev()
                0x0000000000018be8                CharDev::CharDev()
 .text._ZN7CharDevD2Ev
                0x0000000000018c08       0x18 ./L2_Drivers/base/char_dev.o
                0x0000000000018c08                CharDev::~CharDev()
                0x0000000000018c08                CharDev::~CharDev()
 .text._ZN8I2C_Base8transferEhhPhm
                0x0000000000018c20       0xd8 ./L2_Drivers/base/i2c_base.o
                0x0000000000018c20                I2C_Base::transfer(unsigned char, unsigned char, unsigned char*, unsigned long)
 .text._ZN8I2C_Base13readRegistersEhhPhm
                0x0000000000018cf8        0x8 ./L2_Drivers/base/i2c_base.o
                0x0000000000018cf8                I2C_Base::readRegisters(unsigned char, unsigned char, unsigned char*, unsigned long)
 .text._ZN8I2C_Base7readRegEhh
                0x0000000000018d00       0x1a ./L2_Drivers/base/i2c_base.o
                0x0000000000018d00                I2C_Base::readReg(unsigned char, unsigned char)
 .text._ZN8I2C_Base14writeRegistersEhhPhm
                0x0000000000018d1a        0x8 ./L2_Drivers/base/i2c_base.o
                0x0000000000018d1a                I2C_Base::writeRegisters(unsigned char, unsigned char, unsigned char*, unsigned long)
 .text._ZN8I2C_Base8writeRegEhhh
                0x0000000000018d22       0x16 ./L2_Drivers/base/i2c_base.o
                0x0000000000018d22                I2C_Base::writeReg(unsigned char, unsigned char, unsigned char)
 .text._ZN8I2C_Base19checkDeviceResponseEh
                0x0000000000018d38       0x16 ./L2_Drivers/base/i2c_base.o
                0x0000000000018d38                I2C_Base::checkDeviceResponse(unsigned char)
 *fill*         0x0000000000018d4e        0x2 ff
 .text._ZN8I2C_BaseC2EP15LPC_I2C_TypeDef
                0x0000000000018d50       0x5c ./L2_Drivers/base/i2c_base.o
                0x0000000000018d50                I2C_Base::I2C_Base(LPC_I2C_TypeDef*)
                0x0000000000018d50                I2C_Base::I2C_Base(LPC_I2C_TypeDef*)
 .text._ZN8I2C_Base4initEmm
                0x0000000000018dac       0x94 ./L2_Drivers/base/i2c_base.o
                0x0000000000018dac                I2C_Base::init(unsigned long, unsigned long)
 .text._ZN8I2C_Base15i2cStateMachineEv
                0x0000000000018e40      0x11e ./L2_Drivers/base/i2c_base.o
                0x0000000000018e40                I2C_Base::i2cStateMachine()
 *fill*         0x0000000000018f5e        0x2 ff
 .text._ZN8I2C_Base15handleInterruptEv
                0x0000000000018f60       0x30 ./L2_Drivers/base/i2c_base.o
                0x0000000000018f60                I2C_Base::handleInterrupt()
 .text._ZN7UartDev7putCharEcj
                0x0000000000018f90       0x5c ./L2_Drivers/base/uart_dev.o
                0x0000000000018f90                UartDev::putChar(char, unsigned int)
 .text._ZN7UartDevD2Ev
                0x0000000000018fec       0x14 ./L2_Drivers/base/uart_dev.o
                0x0000000000018fec                UartDev::~UartDev()
                0x0000000000018fec                UartDev::~UartDev()
 .text._ZN7UartDevD0Ev
                0x0000000000019000       0x12 ./L2_Drivers/base/uart_dev.o
                0x0000000000019000                UartDev::~UartDev()
 .text._ZN7UartDev5flushEv
                0x0000000000019012       0x20 ./L2_Drivers/base/uart_dev.o
                0x0000000000019012                UartDev::flush()
 .text._ZN7UartDev7getCharEPcj
                0x0000000000019032       0x6c ./L2_Drivers/base/uart_dev.o
                0x0000000000019032                UartDev::getChar(char*, unsigned int)
 *fill*         0x000000000001909e        0x2 ff
 .text._ZN7UartDev11setBaudRateEj
                0x00000000000190a0       0x34 ./L2_Drivers/base/uart_dev.o
                0x00000000000190a0                UartDev::setBaudRate(unsigned int)
 .text._ZN7UartDev15handleInterruptEv
                0x00000000000190d4       0xb8 ./L2_Drivers/base/uart_dev.o
                0x00000000000190d4                UartDev::handleInterrupt()
 .text._ZN7UartDevC2EPj
                0x000000000001918c       0x28 ./L2_Drivers/base/uart_dev.o
                0x000000000001918c                UartDev::UartDev(unsigned int*)
                0x000000000001918c                UartDev::UartDev(unsigned int*)
 .text._ZN7UartDev4initEjjii
                0x00000000000191b4       0xac ./L2_Drivers/base/uart_dev.o
                0x00000000000191b4                UartDev::init(unsigned int, unsigned int, int, int)
 .text.vListInitialise
                0x0000000000019260       0x16 ./L1_FreeRTOS/src/list.o
                0x0000000000019260                vListInitialise
 .text.vListInitialiseItem
                0x0000000000019276        0x6 ./L1_FreeRTOS/src/list.o
                0x0000000000019276                vListInitialiseItem
 .text.vListInsertEnd
                0x000000000001927c       0x18 ./L1_FreeRTOS/src/list.o
                0x000000000001927c                vListInsertEnd
 .text.vListInsert
                0x0000000000019294       0x2e ./L1_FreeRTOS/src/list.o
                0x0000000000019294                vListInsert
 .text.uxListRemove
                0x00000000000192c2       0x20 ./L1_FreeRTOS/src/list.o
                0x00000000000192c2                uxListRemove
 .text.prvCopyDataToQueue
                0x00000000000192e2       0x6c ./L1_FreeRTOS/src/queue.o
 .text.prvNotifyQueueSetContainer
                0x000000000001934e       0x36 ./L1_FreeRTOS/src/queue.o
 .text.prvCopyDataFromQueue
                0x0000000000019384       0x28 ./L1_FreeRTOS/src/queue.o
 .text.prvUnlockQueue
                0x00000000000193ac       0x80 ./L1_FreeRTOS/src/queue.o
 .text.pvPortMalloc
                0x000000000001942c       0x1e ./L1_FreeRTOS/src/queue.o
                0x000000000001942c                pvPortMalloc
 .text.vPortFree
                0x000000000001944a       0x1a ./L1_FreeRTOS/src/queue.o
                0x000000000001944a                vPortFree
 .text.xQueueGenericReset
                0x0000000000019464       0x5a ./L1_FreeRTOS/src/queue.o
                0x0000000000019464                xQueueGenericReset
 .text.xQueueGenericCreate
                0x00000000000194be       0x4e ./L1_FreeRTOS/src/queue.o
                0x00000000000194be                xQueueGenericCreate
 .text.xQueueCreateCountingSemaphore
                0x000000000001950c       0x12 ./L1_FreeRTOS/src/queue.o
                0x000000000001950c                xQueueCreateCountingSemaphore
 .text.xQueueGenericSend
                0x000000000001951e       0xe8 ./L1_FreeRTOS/src/queue.o
                0x000000000001951e                xQueueGenericSend
 .text.xQueueCreateMutex
                0x0000000000019606       0x4c ./L1_FreeRTOS/src/queue.o
                0x0000000000019606                xQueueCreateMutex
 .text.xQueueGenericSendFromISR
                0x0000000000019652       0x7c ./L1_FreeRTOS/src/queue.o
                0x0000000000019652                xQueueGenericSendFromISR
 .text.xQueueGenericReceive
                0x00000000000196ce      0x102 ./L1_FreeRTOS/src/queue.o
                0x00000000000196ce                xQueueGenericReceive
 .text.xQueueReceiveFromISR
                0x00000000000197d0       0x58 ./L1_FreeRTOS/src/queue.o
                0x00000000000197d0                xQueueReceiveFromISR
 .text.uxQueueMessagesWaiting
                0x0000000000019828       0x12 ./L1_FreeRTOS/src/queue.o
                0x0000000000019828                uxQueueMessagesWaiting
 .text.uxQueueMessagesWaitingFromISR
                0x000000000001983a        0x4 ./L1_FreeRTOS/src/queue.o
                0x000000000001983a                uxQueueMessagesWaitingFromISR
 .text.xQueueSelectFromSet
                0x000000000001983e       0x18 ./L1_FreeRTOS/src/queue.o
                0x000000000001983e                xQueueSelectFromSet
 .text.prvResetRunTimeStatsInList
                0x0000000000019856       0x2e ./L1_FreeRTOS/src/tasks.o
 .text.prvIdleTask
                0x0000000000019884       0x18 ./L1_FreeRTOS/src/tasks.o
 .text.prvResetNextTaskUnblockTime
                0x000000000001989c       0x24 ./L1_FreeRTOS/src/tasks.o
 .text.prvAddCurrentTaskToDelayedList
                0x00000000000198c0       0x50 ./L1_FreeRTOS/src/tasks.o
 .text.prvListTaskWithinSingleList
                0x0000000000019910       0x8e ./L1_FreeRTOS/src/tasks.o
 *fill*         0x000000000001999e        0x2 ff
 .text.xTaskGenericCreate
                0x00000000000199a0      0x190 ./L1_FreeRTOS/src/tasks.o
                0x00000000000199a0                xTaskGenericCreate
 .text.vTaskStartScheduler
                0x0000000000019b30       0x54 ./L1_FreeRTOS/src/tasks.o
                0x0000000000019b30                vTaskStartScheduler
 .text.vTaskEndScheduler
                0x0000000000019b84       0x18 ./L1_FreeRTOS/src/tasks.o
                0x0000000000019b84                vTaskEndScheduler
 .text.vTaskSuspendAll
                0x0000000000019b9c       0x10 ./L1_FreeRTOS/src/tasks.o
                0x0000000000019b9c                vTaskSuspendAll
 .text.xTaskGetTickCount
                0x0000000000019bac       0x18 ./L1_FreeRTOS/src/tasks.o
                0x0000000000019bac                xTaskGetTickCount
 .text.xTaskGetTickCountFromISR
                0x0000000000019bc4       0x18 ./L1_FreeRTOS/src/tasks.o
                0x0000000000019bc4                xTaskGetTickCountFromISR
 .text.uxTaskGetNumberOfTasks
                0x0000000000019bdc        0xc ./L1_FreeRTOS/src/tasks.o
                0x0000000000019bdc                uxTaskGetNumberOfTasks
 .text.xTaskIncrementTick
                0x0000000000019be8      0x110 ./L1_FreeRTOS/src/tasks.o
                0x0000000000019be8                xTaskIncrementTick
 .text.xTaskResumeAll
                0x0000000000019cf8       0xc8 ./L1_FreeRTOS/src/tasks.o
                0x0000000000019cf8                xTaskResumeAll
 .text.vTaskDelayUntil
                0x0000000000019dc0       0x70 ./L1_FreeRTOS/src/tasks.o
                0x0000000000019dc0                vTaskDelayUntil
 .text.vTaskDelay
                0x0000000000019e30       0x50 ./L1_FreeRTOS/src/tasks.o
                0x0000000000019e30                vTaskDelay
 .text.uxTaskGetSystemState
                0x0000000000019e80       0x90 ./L1_FreeRTOS/src/tasks.o
                0x0000000000019e80                uxTaskGetSystemState
 .text.vTaskSwitchContext
                0x0000000000019f10       0xbc ./L1_FreeRTOS/src/tasks.o
                0x0000000000019f10                vTaskSwitchContext
 .text.vTaskSuspend
                0x0000000000019fcc       0xa4 ./L1_FreeRTOS/src/tasks.o
                0x0000000000019fcc                vTaskSuspend
 .text.vTaskPlaceOnEventList
                0x000000000001a070       0x5c ./L1_FreeRTOS/src/tasks.o
                0x000000000001a070                vTaskPlaceOnEventList
 .text.xTaskRemoveFromEventList
                0x000000000001a0cc       0x70 ./L1_FreeRTOS/src/tasks.o
                0x000000000001a0cc                xTaskRemoveFromEventList
 .text.vTaskSetTimeOutState
                0x000000000001a13c       0x18 ./L1_FreeRTOS/src/tasks.o
                0x000000000001a13c                vTaskSetTimeOutState
 .text.xTaskCheckForTimeOut
                0x000000000001a154       0x4c ./L1_FreeRTOS/src/tasks.o
                0x000000000001a154                xTaskCheckForTimeOut
 .text.vTaskMissedYield
                0x000000000001a1a0        0xc ./L1_FreeRTOS/src/tasks.o
                0x000000000001a1a0                vTaskMissedYield
 .text.uxTaskGetStackHighWaterMark
                0x000000000001a1ac       0x20 ./L1_FreeRTOS/src/tasks.o
                0x000000000001a1ac                uxTaskGetStackHighWaterMark
 .text.xTaskGetSchedulerState
                0x000000000001a1cc       0x20 ./L1_FreeRTOS/src/tasks.o
                0x000000000001a1cc                xTaskGetSchedulerState
 .text.vTaskPriorityInherit
                0x000000000001a1ec       0x90 ./L1_FreeRTOS/src/tasks.o
                0x000000000001a1ec                vTaskPriorityInherit
 .text.xTaskPriorityDisinherit
                0x000000000001a27c       0x70 ./L1_FreeRTOS/src/tasks.o
                0x000000000001a27c                xTaskPriorityDisinherit
 .text.pvTaskIncrementMutexHeldCount
                0x000000000001a2ec       0x18 ./L1_FreeRTOS/src/tasks.o
                0x000000000001a2ec                pvTaskIncrementMutexHeldCount
 .text.vTaskResetRunTimeStats
                0x000000000001a304       0x68 ./L1_FreeRTOS/src/tasks.o
                0x000000000001a304                vTaskResetRunTimeStats
 .text.vRunTimeStatIsrEntry
                0x000000000001a36c       0x28 ./L1_FreeRTOS/src/tasks.o
                0x000000000001a36c                vRunTimeStatIsrEntry
 .text.vRunTimeStatIsrExit
                0x000000000001a394       0x10 ./L1_FreeRTOS/src/tasks.o
                0x000000000001a394                vRunTimeStatIsrExit
 .text.prvPortStartFirstTask
                0x000000000001a3a4       0x20 ./L1_FreeRTOS/portable/no_mpu/port.o
 .text.pxPortInitialiseStack
                0x000000000001a3c4       0x1c ./L1_FreeRTOS/portable/no_mpu/port.o
                0x000000000001a3c4                pxPortInitialiseStack
 .text.vPortSVCHandler
                0x000000000001a3e0       0x24 ./L1_FreeRTOS/portable/no_mpu/port.o
                0x000000000001a3e0                vPortSVCHandler
 .text.vPortEndScheduler
                0x000000000001a404        0x2 ./L1_FreeRTOS/portable/no_mpu/port.o
                0x000000000001a404                vPortEndScheduler
 *fill*         0x000000000001a406        0x2 ff
 .text.vPortYield
                0x000000000001a408       0x18 ./L1_FreeRTOS/portable/no_mpu/port.o
                0x000000000001a408                vPortYield
 .text.ulPortSetInterruptMask
                0x000000000001a420       0x10 ./L1_FreeRTOS/portable/no_mpu/port.o
                0x000000000001a420                ulPortSetInterruptMask
 .text.prvTaskExitError
                0x000000000001a430        0x8 ./L1_FreeRTOS/portable/no_mpu/port.o
 .text.vPortEnterCritical
                0x000000000001a438       0x1c ./L1_FreeRTOS/portable/no_mpu/port.o
                0x000000000001a438                vPortEnterCritical
 .text.vPortClearInterruptMask
                0x000000000001a454        0x6 ./L1_FreeRTOS/portable/no_mpu/port.o
                0x000000000001a454                vPortClearInterruptMask
 *fill*         0x000000000001a45a        0x2 ff
 .text.vPortExitCritical
                0x000000000001a45c       0x14 ./L1_FreeRTOS/portable/no_mpu/port.o
                0x000000000001a45c                vPortExitCritical
 .text.xPortPendSVHandler
                0x000000000001a470       0x44 ./L1_FreeRTOS/portable/no_mpu/port.o
                0x000000000001a470                xPortPendSVHandler
 .text.xPortSysTickHandler
                0x000000000001a4b4       0x24 ./L1_FreeRTOS/portable/no_mpu/port.o
                0x000000000001a4b4                xPortSysTickHandler
 .text.vPortSetupTimerInterrupt
                0x000000000001a4d8       0x14 ./L1_FreeRTOS/portable/no_mpu/port.o
                0x000000000001a4d8                vPortSetupTimerInterrupt
 .text.xPortStartScheduler
                0x000000000001a4ec       0x30 ./L1_FreeRTOS/portable/no_mpu/port.o
                0x000000000001a4ec                xPortStartScheduler
 .text.vConfigureTimerForRunTimeStats
                0x000000000001a51c       0x14 ./L1_FreeRTOS/portable/run_time_stats.o
                0x000000000001a51c                vConfigureTimerForRunTimeStats
 .text.uxGetTimerForRunTimeStats
                0x000000000001a530       0x14 ./L1_FreeRTOS/portable/run_time_stats.o
                0x000000000001a530                uxGetTimerForRunTimeStats
 .text.resetRunTimeCounter
                0x000000000001a544       0x14 ./L1_FreeRTOS/portable/run_time_stats.o
                0x000000000001a544                resetRunTimeCounter
 .text.vApplicationIdleHook
                0x000000000001a558        0x4 ./L1_FreeRTOS/hooks/hooks.o
                0x000000000001a558                vApplicationIdleHook
 .text.vApplicationStackOverflowHook
                0x000000000001a55c       0x38 ./L1_FreeRTOS/hooks/hooks.o
                0x000000000001a55c                vApplicationStackOverflowHook
 .text.vApplicationMallocFailedHook
                0x000000000001a594       0x24 ./L1_FreeRTOS/hooks/hooks.o
                0x000000000001a594                vApplicationMallocFailedHook
 .text.__set_PSP
                0x000000000001a5b8        0x6 ./L0_LowLevel/source/core_cm3.o
                0x000000000001a5b8                __set_PSP
 .text.__set_MSP
                0x000000000001a5be        0x6 ./L0_LowLevel/source/core_cm3.o
                0x000000000001a5be                __set_MSP
 .text.__set_BASEPRI
                0x000000000001a5c4        0x6 ./L0_LowLevel/source/core_cm3.o
                0x000000000001a5c4                __set_BASEPRI
 *fill*         0x000000000001a5ca        0x2 ff
 .text.sys_get_boot_type
                0x000000000001a5cc        0xc ./L0_LowLevel/source/low_level_init.o
                0x000000000001a5cc                sys_get_boot_type
 .text.sys_get_boot_time
                0x000000000001a5d8       0x14 ./L0_LowLevel/source/low_level_init.o
                0x000000000001a5d8                sys_get_boot_time
 .text._Z14low_level_initv
                0x000000000001a5ec      0x240 ./L0_LowLevel/source/low_level_init.o
                0x000000000001a5ec                low_level_init()
 .text.lpc_pconp
                0x000000000001a82c       0x34 ./L0_LowLevel/source/lpc_peripherals.o
                0x000000000001a82c                lpc_pconp
 .text.lpc_pclk
                0x000000000001a860       0x48 ./L0_LowLevel/source/lpc_peripherals.o
                0x000000000001a860                lpc_pclk
 .text.lpc_sys_setup_system_timer
                0x000000000001a8a8       0x54 ./L0_LowLevel/source/lpc_sys.o
                0x000000000001a8a8                lpc_sys_setup_system_timer
 .text.sys_get_uptime_us
                0x000000000001a8fc       0x2c ./L0_LowLevel/source/lpc_sys.o
                0x000000000001a8fc                sys_get_uptime_us
 .text.sys_get_mem_info_str
                0x000000000001a928       0x38 ./L0_LowLevel/source/lpc_sys.o
                0x000000000001a928                sys_get_mem_info_str
 .text.TIMER1_IRQHandler
                0x000000000001a960       0xbc ./L0_LowLevel/source/lpc_sys.o
                0x000000000001a960                TIMER1_IRQHandler
 .text.isr_forwarder_routine
                0x000000000001aa1c       0x3c ./L0_LowLevel/source/startup.o
 .text.isr_hard_fault_handler
                0x000000000001aa58       0x58 ./L0_LowLevel/source/startup.o
                0x000000000001aa58                isr_hard_fault_handler
 .text._ZL19sys_clock_pll0_feedv
                0x000000000001aab0       0x14 ./L0_LowLevel/source/sys_clock.o
 .text._ZL23sys_clock_configure_plljjPiS_S_.constprop.0
                0x000000000001aac4       0x78 ./L0_LowLevel/source/sys_clock.o
 .text._Z19sys_clock_configurev
                0x000000000001ab3c       0xb4 ./L0_LowLevel/source/sys_clock.o
                0x000000000001ab3c                sys_clock_configure()
 .text.sys_get_cpu_clock
                0x000000000001abf0       0xa8 ./L0_LowLevel/source/sys_clock.o
                0x000000000001abf0                sys_get_cpu_clock
 .text.uart0_init
                0x000000000001ac98       0x60 ./L0_LowLevel/source/uart0_min.o
                0x000000000001ac98                uart0_init
 .text.uart0_getchar
                0x000000000001acf8       0x18 ./L0_LowLevel/source/uart0_min.o
                0x000000000001acf8                uart0_getchar
 .text.uart0_putchar
                0x000000000001ad10       0x18 ./L0_LowLevel/source/uart0_min.o
                0x000000000001ad10                uart0_putchar
 .text.uart0_puts
                0x000000000001ad28       0x1a ./L0_LowLevel/source/uart0_min.o
                0x000000000001ad28                uart0_puts
 .text._ZNK10__cxxabiv117__class_type_info11__do_upcastEPKS0_PPv
                0x000000000001ad42       0x34 /SJOneBoard/Tools/Toolchain/gcc-arm-none-eabi-6-2017-q2-update/bin/../lib/gcc/arm-none-eabi/6.3.1/../../../../arm-none-eabi/lib/thumb/v7-m/libstdc++_nano.a(class_type_info.o)
                0x000000000001ad42                __cxxabiv1::__class_type_info::__do_upcast(__cxxabiv1::__class_type_info const*, void**) const
 .text._ZNK10__cxxabiv117__class_type_info20__do_find_public_srcEiPKvPKS0_S2_
                0x000000000001ad76        0xc /SJOneBoard/Tools/Toolchain/gcc-arm-none-eabi-6-2017-q2-update/bin/../lib/gcc/arm-none-eabi/6.3.1/../../../../arm-none-eabi/lib/thumb/v7-m/libstdc++_nano.a(class_type_info.o)
                0x000000000001ad76                __cxxabiv1::__class_type_info::__do_find_public_src(int, void const*, __cxxabiv1::__class_type_info const*, void const*) const
 *fill*         0x000000000001ad82        0x2 ff
 .text._ZN10__cxxabiv117__class_type_infoD2Ev
                0x000000000001ad84       0x14 /SJOneBoard/Tools/Toolchain/gcc-arm-none-eabi-6-2017-q2-update/bin/../lib/gcc/arm-none-eabi/6.3.1/../../../../arm-none-eabi/lib/thumb/v7-m/libstdc++_nano.a(class_type_info.o)
                0x000000000001ad84                __cxxabiv1::__class_type_info::~__class_type_info()
                0x000000000001ad84                __cxxabiv1::__class_type_info::~__class_type_info()
 .text._ZN10__cxxabiv117__class_type_infoD0Ev
                0x000000000001ad98       0x14 /SJOneBoard/Tools/Toolchain/gcc-arm-none-eabi-6-2017-q2-update/bin/../lib/gcc/arm-none-eabi/6.3.1/../../../../arm-none-eabi/lib/thumb/v7-m/libstdc++_nano.a(class_type_info.o)
                0x000000000001ad98                __cxxabiv1::__class_type_info::~__class_type_info()
 .text._ZNK10__cxxabiv117__class_type_info11__do_upcastEPKS0_PKvRNS0_15__upcast_resultE
                0x000000000001adac       0x18 /SJOneBoard/Tools/Toolchain/gcc-arm-none-eabi-6-2017-q2-update/bin/../lib/gcc/arm-none-eabi/6.3.1/../../../../arm-none-eabi/lib/thumb/v7-m/libstdc++_nano.a(class_type_info.o)
                0x000000000001adac                __cxxabiv1::__class_type_info::__do_upcast(__cxxabiv1::__class_type_info const*, void const*, __cxxabiv1::__class_type_info::__upcast_result&) const
 .text._ZNK10__cxxabiv117__class_type_info10__do_catchEPKSt9type_infoPPvj
                0x000000000001adc4       0x2a /SJOneBoard/Tools/Toolchain/gcc-arm-none-eabi-6-2017-q2-update/bin/../lib/gcc/arm-none-eabi/6.3.1/../../../../arm-none-eabi/lib/thumb/v7-m/libstdc++_nano.a(class_type_info.o)
                0x000000000001adc4                __cxxabiv1::__class_type_info::__do_catch(std::type_info const*, void**, unsigned int) const
 .text._ZNK10__cxxabiv117__class_type_info12__do_dyncastEiNS0_10__sub_kindEPKS0_PKvS3_S5_RNS0_16__dyncast_resultE
                0x000000000001adee       0x38 /SJOneBoard/Tools/Toolchain/gcc-arm-none-eabi-6-2017-q2-update/bin/../lib/gcc/arm-none-eabi/6.3.1/../../../../arm-none-eabi/lib/thumb/v7-m/libstdc++_nano.a(class_type_info.o)
                0x000000000001adee                __cxxabiv1::__class_type_info::__do_dyncast(int, __cxxabiv1::__class_type_info::__sub_kind, __cxxabiv1::__class_type_info const*, void const*, __cxxabiv1::__class_type_info const*, void const*, __cxxabiv1::__class_type_info::__dyncast_result&) const
 .text._ZdlPvj  0x000000000001ae26        0x4 /SJOneBoard/Tools/Toolchain/gcc-arm-none-eabi-6-2017-q2-update/bin/../lib/gcc/arm-none-eabi/6.3.1/../../../../arm-none-eabi/lib/thumb/v7-m/libstdc++_nano.a(del_ops.o)
                0x000000000001ae26                operator delete(void*, unsigned int)
 .text.__cxa_guard_acquire
                0x000000000001ae2a       0x18 /SJOneBoard/Tools/Toolchain/gcc-arm-none-eabi-6-2017-q2-update/bin/../lib/gcc/arm-none-eabi/6.3.1/../../../../arm-none-eabi/lib/thumb/v7-m/libstdc++_nano.a(guard.o)
                0x000000000001ae2a                __cxa_guard_acquire
 .text.__cxa_guard_release
                0x000000000001ae42        0x6 /SJOneBoard/Tools/Toolchain/gcc-arm-none-eabi-6-2017-q2-update/bin/../lib/gcc/arm-none-eabi/6.3.1/../../../../arm-none-eabi/lib/thumb/v7-m/libstdc++_nano.a(guard.o)